Component: ARM Compiler 5.05 update 2 (build 169) Tool: armlink [4d0f33]

==============================================================================

Section Cross References

    arm_startup_nrf51.o(STACK) refers (Special) to heapauxi.o(.text) for __use_two_region_memory
    arm_startup_nrf51.o(HEAP) refers (Special) to heapauxi.o(.text) for __use_two_region_memory
    arm_startup_nrf51.o(RESET) refers (Special) to heapauxi.o(.text) for __use_two_region_memory
    arm_startup_nrf51.o(RESET) refers to arm_startup_nrf51.o(STACK) for __initial_sp
    arm_startup_nrf51.o(RESET) refers to arm_startup_nrf51.o(.text) for Reset_Handler
    arm_startup_nrf51.o(RESET) refers to main.o(i.HardFault_Handler) for HardFault_Handler
    arm_startup_nrf51.o(RESET) refers to app_uart_fifo.o(i.UART0_IRQHandler) for UART0_IRQHandler
    arm_startup_nrf51.o(RESET) refers to nrf_drv_gpiote.o(i.GPIOTE_IRQHandler) for GPIOTE_IRQHandler
    arm_startup_nrf51.o(RESET) refers to app_timer.o(i.RTC1_IRQHandler) for RTC1_IRQHandler
    arm_startup_nrf51.o(RESET) refers to app_timer.o(i.SWI0_IRQHandler) for SWI0_IRQHandler
    arm_startup_nrf51.o(RESET) refers to softdevice_handler.o(i.SWI2_IRQHandler) for SWI2_IRQHandler
    arm_startup_nrf51.o(.text) refers (Special) to heapauxi.o(.text) for __use_two_region_memory
    arm_startup_nrf51.o(.text) refers to system_nrf51.o(i.SystemInit) for SystemInit
    arm_startup_nrf51.o(.text) refers to __main.o(!!!main) for __main
    arm_startup_nrf51.o(.text) refers to arm_startup_nrf51.o(HEAP) for Heap_Mem
    arm_startup_nrf51.o(.text) refers to arm_startup_nrf51.o(STACK) for Stack_Mem
    system_nrf51.o(i.SystemCoreClockUpdate) refers to system_nrf51.o(.data) for SystemCoreClock
    system_nrf51.o(i.SystemInit) refers to system_nrf51.o(i.is_manual_peripheral_setup_needed) for is_manual_peripheral_setup_needed
    system_nrf51.o(i.SystemInit) refers to system_nrf51.o(i.is_disabled_in_debug_needed) for is_disabled_in_debug_needed
    system_nrf51.o(i.SystemInit) refers to system_nrf51.o(i.is_peripheral_domain_setup_needed) for is_peripheral_domain_setup_needed
    bsp.o(i.bsp_button_event_handler) refers to app_timer.o(i.app_timer_start) for app_timer_start
    bsp.o(i.bsp_button_event_handler) refers to app_timer.o(i.app_timer_stop) for app_timer_stop
    bsp.o(i.bsp_button_event_handler) refers to bsp.o(.constdata) for m_buttons_list
    bsp.o(i.bsp_button_event_handler) refers to bsp.o(.data) for m_events_list
    bsp.o(i.bsp_button_is_pressed) refers to bsp.o(.constdata) for m_buttons_list
    bsp.o(i.bsp_buttons_disable) refers to app_button.o(i.app_button_disable) for app_button_disable
    bsp.o(i.bsp_buttons_enable) refers to app_button.o(i.app_button_enable) for app_button_enable
    bsp.o(i.bsp_buttons_state_get) refers to bsp.o(.constdata) for m_buttons_list
    bsp.o(i.bsp_event_to_button_action_assign) refers to bsp.o(.data) for m_events_list
    bsp.o(i.bsp_indication_set) refers to bsp.o(i.bsp_led_indication) for bsp_led_indication
    bsp.o(i.bsp_indication_set) refers to bsp.o(.data) for m_indication_type
    bsp.o(i.bsp_indication_text_set) refers to _printf_percent.o(.ARM.Collect$$_printf_percent$$00000000) for _printf_percent
    bsp.o(i.bsp_indication_text_set) refers to _printf_s.o(.ARM.Collect$$_printf_percent$$00000014) for _printf_s
    bsp.o(i.bsp_indication_text_set) refers to _printf_str.o(.text) for _printf_str
    bsp.o(i.bsp_indication_text_set) refers to bsp.o(i.bsp_indication_set) for bsp_indication_set
    bsp.o(i.bsp_indication_text_set) refers to noretval__2printf.o(.text) for __2printf
    bsp.o(i.bsp_init) refers to bsp.o(i.bsp_event_to_button_action_assign) for bsp_event_to_button_action_assign
    bsp.o(i.bsp_init) refers to app_button.o(i.app_button_init) for app_button_init
    bsp.o(i.bsp_init) refers to app_button.o(i.app_button_enable) for app_button_enable
    bsp.o(i.bsp_init) refers to app_timer.o(i.app_timer_create) for app_timer_create
    bsp.o(i.bsp_init) refers to bsp.o(.data) for m_app_ticks_per_100ms
    bsp.o(i.bsp_init) refers to bsp.o(.constdata) for app_buttons
    bsp.o(i.bsp_init) refers to bsp.o(i.button_timer_handler) for button_timer_handler
    bsp.o(i.bsp_init) refers to bsp.o(i.leds_timer_handler) for leds_timer_handler
    bsp.o(i.bsp_init) refers to bsp.o(i.alert_timer_handler) for alert_timer_handler
    bsp.o(i.bsp_led_indication) refers to bsp.o(i.__ARM_common_switch8) for __ARM_common_switch8
    bsp.o(i.bsp_led_indication) refers to aeabi_sdiv.o(.text) for __aeabi_uidivmod
    bsp.o(i.bsp_led_indication) refers to app_timer.o(i.app_timer_start) for app_timer_start
    bsp.o(i.bsp_led_indication) refers to app_timer.o(i.app_timer_stop) for app_timer_stop
    bsp.o(i.bsp_led_indication) refers to bsp.o(.data) for m_stable_state
    bsp.o(i.bsp_wakeup_buttons_set) refers to bsp.o(.constdata) for m_buttons_list
    bsp.o(i.button_timer_handler) refers to bsp.o(i.bsp_button_event_handler) for bsp_button_event_handler
[...]
    state_erase_data_page_entry_run          0x0001f6e9   Thumb Code    12  pstorage.o(i.state_erase_data_page_entry_run)
    i.state_idle_entry_run                   0x0001f6f8   Section        0  pstorage.o(i.state_idle_entry_run)
    state_idle_entry_run                     0x0001f6f9   Thumb Code    18  pstorage.o(i.state_idle_entry_run)
    i.state_restore_head_entry_run           0x0001f714   Section        0  pstorage.o(i.state_restore_head_entry_run)
    state_restore_head_entry_run             0x0001f715   Thumb Code    44  pstorage.o(i.state_restore_head_entry_run)
    i.state_restore_tail_entry_run           0x0001f748   Section        0  pstorage.o(i.state_restore_tail_entry_run)
    state_restore_tail_entry_run             0x0001f749   Thumb Code    76  pstorage.o(i.state_restore_tail_entry_run)
    i.state_store_entry_run                  0x0001f79c   Section        0  pstorage.o(i.state_store_entry_run)
    state_store_entry_run                    0x0001f79d   Thumb Code     8  pstorage.o(i.state_store_entry_run)
    i.state_swap_erase_entry_run             0x0001f7a4   Section        0  pstorage.o(i.state_swap_erase_entry_run)
    state_swap_erase_entry_run               0x0001f7a5   Thumb Code    38  pstorage.o(i.state_swap_erase_entry_run)
    i.state_write_data_swap_entry_run        0x0001f7cc   Section        0  pstorage.o(i.state_write_data_swap_entry_run)
    state_write_data_swap_entry_run          0x0001f7cd   Thumb Code    46  pstorage.o(i.state_write_data_swap_entry_run)
    i.storage_operation_dummy_handler        0x0001f800   Section        0  device_manager_peripheral.o(i.storage_operation_dummy_handler)
    storage_operation_dummy_handler          0x0001f801   Thumb Code     8  device_manager_peripheral.o(i.storage_operation_dummy_handler)
    i.store_cmd_flash_write_execute          0x0001f808   Section        0  pstorage.o(i.store_cmd_flash_write_execute)
    store_cmd_flash_write_execute            0x0001f809   Thumb Code    92  pstorage.o(i.store_cmd_flash_write_execute)
    i.store_operation_execute                0x0001f86c   Section        0  pstorage.o(i.store_operation_execute)
    store_operation_execute                  0x0001f86d   Thumb Code    10  pstorage.o(i.store_operation_execute)
    i.store_sub_state_sm_run                 0x0001f878   Section        0  pstorage.o(i.store_sub_state_sm_run)
    store_sub_state_sm_run                   0x0001f879   Thumb Code    62  pstorage.o(i.store_sub_state_sm_run)
    i.swap_erase_state_run                   0x0001f8c4   Section        0  pstorage.o(i.swap_erase_state_run)
    swap_erase_state_run                     0x0001f8c5   Thumb Code    28  pstorage.o(i.swap_erase_state_run)
    i.swap_sub_sm_exit_action_run            0x0001f8e4   Section        0  pstorage.o(i.swap_sub_sm_exit_action_run)
    swap_sub_sm_exit_action_run              0x0001f8e5   Thumb Code     8  pstorage.o(i.swap_sub_sm_exit_action_run)
    i.swap_sub_state_entry_action_run        0x0001f8ec   Section        0  pstorage.o(i.swap_sub_state_entry_action_run)
    swap_sub_state_entry_action_run          0x0001f8ed   Thumb Code    16  pstorage.o(i.swap_sub_state_entry_action_run)
    i.swap_sub_state_err_busy_process        0x0001f904   Section        0  pstorage.o(i.swap_sub_state_err_busy_process)
    swap_sub_state_err_busy_process          0x0001f905   Thumb Code    24  pstorage.o(i.swap_sub_state_err_busy_process)
    i.swap_sub_state_sm_run                  0x0001f924   Section        0  pstorage.o(i.swap_sub_state_sm_run)
    swap_sub_state_sm_run                    0x0001f925   Thumb Code    16  pstorage.o(i.swap_sub_state_sm_run)
    i.swap_sub_state_state_change            0x0001f93c   Section        0  pstorage.o(i.swap_sub_state_state_change)
    swap_sub_state_state_change              0x0001f93d   Thumb Code    14  pstorage.o(i.swap_sub_state_state_change)
    i.sys_evt_dispatch                       0x0001f950   Section        0  main.o(i.sys_evt_dispatch)
    sys_evt_dispatch                         0x0001f951   Thumb Code    18  main.o(i.sys_evt_dispatch)
    i.sys_id_encode                          0x0001f962   Section        0  ble_dis.o(i.sys_id_encode)
    sys_id_encode                            0x0001f963   Thumb Code   164  ble_dis.o(i.sys_id_encode)
    i.tail_restore_state_run                 0x0001fa08   Section        0  pstorage.o(i.tail_restore_state_run)
    tail_restore_state_run                   0x0001fa09   Thumb Code    26  pstorage.o(i.tail_restore_state_run)
    i.tail_word_size_calculate               0x0001fa28   Section        0  pstorage.o(i.tail_word_size_calculate)
    tail_word_size_calculate                 0x0001fa29   Thumb Code    84  pstorage.o(i.tail_word_size_calculate)
    i.ticks_diff_get                         0x0001fa80   Section        0  app_timer.o(i.ticks_diff_get)
    ticks_diff_get                           0x0001fa81   Thumb Code    10  app_timer.o(i.ticks_diff_get)
    i.timeout_handler_exec                   0x0001fa8c   Section        0  app_timer.o(i.timeout_handler_exec)
    timeout_handler_exec                     0x0001fa8d   Thumb Code    58  app_timer.o(i.timeout_handler_exec)
    i.timer_list_handler                     0x0001facc   Section        0  app_timer.o(i.timer_list_handler)
    timer_list_handler                       0x0001facd   Thumb Code    76  app_timer.o(i.timer_list_handler)
    i.timer_list_handler_sched               0x0001fb24   Section        0  app_timer.o(i.timer_list_handler_sched)
    timer_list_handler_sched                 0x0001fb25   Thumb Code    10  app_timer.o(i.timer_list_handler_sched)
    i.timer_list_insert                      0x0001fb30   Section        0  app_timer.o(i.timer_list_insert)
    timer_list_insert                        0x0001fb31   Thumb Code   212  app_timer.o(i.timer_list_insert)
    i.timer_list_remove                      0x0001fc0c   Section        0  app_timer.o(i.timer_list_remove)
    timer_list_remove                        0x0001fc0d   Thumb Code   184  app_timer.o(i.timer_list_remove)
    i.timer_start_op_schedule                0x0001fcd8   Section        0  app_timer.o(i.timer_start_op_schedule)
    timer_start_op_schedule                  0x0001fcd9   Thumb Code    80  app_timer.o(i.timer_start_op_schedule)
    i.timer_stop_op_schedule                 0x0001fd2c   Section        0  app_timer.o(i.timer_stop_op_schedule)
    timer_stop_op_schedule                   0x0001fd2d   Thumb Code    58  app_timer.o(i.timer_stop_op_schedule)
    i.timer_timeouts_check                   0x0001fd6c   Section        0  app_timer.o(i.timer_timeouts_check)
    timer_timeouts_check                     0x0001fd6d   Thumb Code   132  app_timer.o(i.timer_timeouts_check)
    i.timer_timeouts_check_sched             0x0001fe08   Section        0  app_timer.o(i.timer_timeouts_check_sched)
    timer_timeouts_check_sched               0x0001fe09   Thumb Code    10  app_timer.o(i.timer_timeouts_check_sched)
    i.timers_init                            0x0001fe14   Section        0  main.o(i.timers_init)
    timers_init                              0x0001fe15   Thumb Code    50  main.o(i.timers_init)
    i.tx_power_level_encode                  0x0001fe50   Section        0  ble_advdata.o(i.tx_power_level_encode)
    tx_power_level_encode                    0x0001fe51   Thumb Code    48  ble_advdata.o(i.tx_power_level_encode)
    i.uint16_encode                          0x0001fe80   Section        0  ble_dis.o(i.uint16_encode)
    uint16_encode                            0x0001fe81   Thumb Code    18  ble_dis.o(i.uint16_encode)
    i.uint16_encode                          0x0001fe92   Section        0  ble_advdata.o(i.uint16_encode)
    uint16_encode                            0x0001fe93   Thumb Code    18  ble_advdata.o(i.uint16_encode)
    i.update_operation_execute               0x0001fea4   Section        0  pstorage.o(i.update_operation_execute)
    update_operation_execute                 0x0001fea5   Thumb Code     8  pstorage.o(i.update_operation_execute)
    i.update_status_bit_reset                0x0001feac   Section        0  device_manager_peripheral.o(i.update_status_bit_reset)
    update_status_bit_reset                  0x0001fead   Thumb Code    16  device_manager_peripheral.o(i.update_status_bit_reset)
    i.update_timeout_handler                 0x0001fec0   Section        0  ble_conn_params.o(i.update_timeout_handler)
    update_timeout_handler                   0x0001fec1   Thumb Code   136  ble_conn_params.o(i.update_timeout_handler)
    i.user_id_get                            0x0001ff5c   Section        0  app_timer.o(i.user_id_get)
    user_id_get                              0x0001ff5d   Thumb Code    34  app_timer.o(i.user_id_get)
    i.user_op_alloc                          0x0001ff7e   Section        0  app_timer.o(i.user_op_alloc)
    user_op_alloc                            0x0001ff7f   Thumb Code    44  app_timer.o(i.user_op_alloc)
    i.user_op_enque                          0x0001ffaa   Section        0  app_timer.o(i.user_op_enque)
    user_op_enque                            0x0001ffab   Thumb Code     4  app_timer.o(i.user_op_enque)
    i.uuid_list_encode                       0x0001ffae   Section        0  ble_advdata.o(i.uuid_list_encode)
    uuid_list_encode                         0x0001ffaf   Thumb Code    64  ble_advdata.o(i.uuid_list_encode)
    i.uuid_list_sized_encode                 0x0001ffee   Section        0  ble_advdata.o(i.uuid_list_sized_encode)
    uuid_list_sized_encode                   0x0001ffef   Thumb Code   196  ble_advdata.o(i.uuid_list_sized_encode)
    i.whitelist_has_entries                  0x000200b2   Section        0  ble_advertising.o(i.whitelist_has_entries)
    whitelist_has_entries                    0x000200b3   Thumb Code    22  ble_advertising.o(i.whitelist_has_entries)
    .constdata                               0x000200c8   Section       12  bsp.o(.constdata)
    m_buttons_list                           0x000200c8   Data           4  bsp.o(.constdata)
    app_buttons                              0x000200cc   Data           8  bsp.o(.constdata)
    .constdata                               0x000200d4   Section       52  device_manager_peripheral.o(.constdata)
    .constdata                               0x00020108   Section       40  pstorage.o(.constdata)
    swap_sub_state_sm_lut                    0x00020108   Data          20  pstorage.o(.constdata)
    swap_sub_state_sm_lut                    0x0002011c   Data          20  pstorage.o(.constdata)
    .constdata                               0x00020130   Section        4  app_button.o(.constdata)
    .constdata                               0x00020134   Section       36  main.o(.constdata)
    .data                                    0x20002000   Section        4  system_nrf51.o(.data)
    __tagsym$$used                           0x20002000   Number         0  system_nrf51.o(.data)
    .data                                    0x20002004   Section       34  bsp.o(.data)
    m_stable_state                           0x20002004   Data           1  bsp.o(.data)
    m_app_ticks_per_100ms                    0x20002008   Data           4  bsp.o(.data)
    m_indication_type                        0x2000200c   Data           4  bsp.o(.data)
    m_leds_timer_id                          0x20002010   Data           4  bsp.o(.data)
    m_alert_timer_id                         0x20002014   Data           4  bsp.o(.data)
    m_registered_callback                    0x20002018   Data           4  bsp.o(.data)
    m_events_list                            0x2000201c   Data           3  bsp.o(.data)
    m_button_timer_id                        0x20002020   Data           4  bsp.o(.data)
    current_long_push_pin_no                 0x20002024   Data           1  bsp.o(.data)
    release_event_at_push                    0x20002025   Data           1  bsp.o(.data)
    .data                                    0x20002028   Section        8  bsp_btn_ble.o(.data)
    m_error_handler                          0x20002028   Data           4  bsp_btn_ble.o(.data)
    m_num_connections                        0x2000202c   Data           4  bsp_btn_ble.o(.data)
    .data                                    0x20002030   Section       74  ble_dis.o(.data)
    service_handle                           0x20002030   Data           2  ble_dis.o(.data)
    manufact_name_handles                    0x20002032   Data           8  ble_dis.o(.data)
    model_num_handles                        0x2000203a   Data           8  ble_dis.o(.data)
    serial_num_handles                       0x20002042   Data           8  ble_dis.o(.data)
    hw_rev_handles                           0x2000204a   Data           8  ble_dis.o(.data)
    fw_rev_handles                           0x20002052   Data           8  ble_dis.o(.data)
    sw_rev_handles                           0x2000205a   Data           8  ble_dis.o(.data)
    sys_id_handles                           0x20002062   Data           8  ble_dis.o(.data)
    reg_cert_data_list_handles               0x2000206a   Data           8  ble_dis.o(.data)
    pnp_id_handles                           0x20002072   Data           8  ble_dis.o(.data)
    .data                                    0x2000207c   Section       20  device_manager_peripheral.o(.data)
    m_storage_handle                         0x2000207c   Data           8  device_manager_peripheral.o(.data)
    m_peer_addr_update                       0x20002084   Data           4  device_manager_peripheral.o(.data)
    m_module_initialized                     0x20002088   Data           1  device_manager_peripheral.o(.data)
    m_irk_index_table                        0x20002089   Data           7  device_manager_peripheral.o(.data)
    .data                                    0x20002090   Section       32  ble_advertising.o(.data)
    m_advertising_start_pending              0x20002090   Data           1  ble_advertising.o(.data)
    m_peer_address                           0x20002091   Data           7  ble_advertising.o(.data)
    m_adv_evt                                0x20002098   Data           1  ble_advertising.o(.data)
    m_evt_handler                            0x2000209c   Data           4  ble_advertising.o(.data)
    m_error_handler                          0x200020a0   Data           4  ble_advertising.o(.data)
    m_adv_mode_current                       0x200020a4   Data           1  ble_advertising.o(.data)
    m_whitelist_temporarily_disabled         0x200020a5   Data           1  ble_advertising.o(.data)
    m_whitelist_reply_expected               0x200020a6   Data           1  ble_advertising.o(.data)
    m_peer_addr_reply_expected               0x200020a7   Data           1  ble_advertising.o(.data)
    m_slave_conn_int                         0x200020a8   Data           4  ble_advertising.o(.data)
    m_tx_power_level                         0x200020ac   Data           1  ble_advertising.o(.data)
    current_slave_link_conn_handle           0x200020ae   Data           2  ble_advertising.o(.data)
    .data                                    0x200020b0   Section       25  ble_conn_params.o(.data)
    m_preferred_conn_params                  0x200020b0   Data           8  ble_conn_params.o(.data)
    m_update_count                           0x200020b8   Data           1  ble_conn_params.o(.data)
    m_conn_handle                            0x200020ba   Data           2  ble_conn_params.o(.data)
    m_current_conn_params                    0x200020bc   Data           8  ble_conn_params.o(.data)
    m_conn_params_timer_id                   0x200020c4   Data           4  ble_conn_params.o(.data)
    m_change_param                           0x200020c8   Data           1  ble_conn_params.o(.data)
    .data                                    0x200020cc   Section        9  app_uart_fifo.o(.data)
    m_instance_counter                       0x200020cc   Data           1  app_uart_fifo.o(.data)
    m_event_handler                          0x200020d0   Data           4  app_uart_fifo.o(.data)
    m_current_state                          0x200020d4   Data           1  app_uart_fifo.o(.data)
    .data                                    0x200020d8   Section       40  pstorage.o(.data)
    m_next_app_instance                      0x200020d8   Data           2  pstorage.o(.data)
    m_next_page_addr                         0x200020dc   Data           4  pstorage.o(.data)
    m_state                                  0x200020e0   Data           1  pstorage.o(.data)
    m_swap_sub_state                         0x200020e1   Data           1  pstorage.o(.data)
    m_head_word_size                         0x200020e4   Data           4  pstorage.o(.data)
    m_tail_word_size                         0x200020e8   Data           4  pstorage.o(.data)
    m_current_page_id                        0x200020ec   Data           4  pstorage.o(.data)
    m_num_of_command_retries                 0x200020f0   Data           4  pstorage.o(.data)
    m_num_of_bytes_written                   0x200020f4   Data           4  pstorage.o(.data)
    m_app_data_size                          0x200020f8   Data           4  pstorage.o(.data)
    m_flags                                  0x200020fc   Data           4  pstorage.o(.data)
    .data                                    0x20002100   Section       24  app_button.o(.data)
    mp_buttons                               0x20002100   Data           4  app_button.o(.data)
    m_button_count                           0x20002104   Data           1  app_button.o(.data)
    m_detection_delay                        0x20002108   Data           4  app_button.o(.data)
    m_detection_delay_timer_id               0x2000210c   Data           4  app_button.o(.data)
    m_pin_state                              0x20002110   Data           4  app_button.o(.data)
    m_pin_transition                         0x20002114   Data           4  app_button.o(.data)
    .data                                    0x20002118   Section       14  app_scheduler.o(.data)
    m_queue_event_headers                    0x20002118   Data           4  app_scheduler.o(.data)
    m_queue_event_data                       0x2000211c   Data           4  app_scheduler.o(.data)
    m_queue_start_index                      0x20002120   Data           1  app_scheduler.o(.data)
    m_queue_end_index                        0x20002121   Data           1  app_scheduler.o(.data)
    m_queue_event_size                       0x20002122   Data           2  app_scheduler.o(.data)
    m_queue_size                             0x20002124   Data           2  app_scheduler.o(.data)
    .data                                    0x20002128   Section       42  app_timer.o(.data)
    m_node_array_size                        0x20002128   Data           1  app_timer.o(.data)
    mp_nodes                                 0x2000212c   Data           4  app_timer.o(.data)
    m_user_array_size                        0x20002130   Data           1  app_timer.o(.data)
    mp_users                                 0x20002134   Data           4  app_timer.o(.data)
    m_timer_id_head                          0x20002138   Data           4  app_timer.o(.data)
    m_ticks_latest                           0x2000213c   Data           4  app_timer.o(.data)
    m_ticks_elapsed                          0x20002140   Data           8  app_timer.o(.data)
    m_ticks_elapsed_q_read_ind               0x20002148   Data           1  app_timer.o(.data)
    m_ticks_elapsed_q_write_ind              0x20002149   Data           1  app_timer.o(.data)
    m_evt_schedule_func                      0x2000214c   Data           4  app_timer.o(.data)
    m_rtc1_running                           0x20002150   Data           1  app_timer.o(.data)
    m_rtc1_reset                             0x20002151   Data           1  app_timer.o(.data)
    .data                                    0x20002154   Section       24  softdevice_handler.o(.data)
    m_evt_schedule_func                      0x20002154   Data           4  softdevice_handler.o(.data)
    m_softdevice_enabled                     0x20002158   Data           1  softdevice_handler.o(.data)
    mp_ble_evt_buffer                        0x2000215c   Data           4  softdevice_handler.o(.data)
    m_ble_evt_buffer_size                    0x20002160   Data           2  softdevice_handler.o(.data)
    m_ble_evt_handler                        0x20002164   Data           4  softdevice_handler.o(.data)
    m_sys_evt_handler                        0x20002168   Data           4  softdevice_handler.o(.data)
    .data                                    0x2000216c   Section      154  main.o(.data)
    m_in_boot_mode                           0x2000216c   Data           1  main.o(.data)
    m_conn_handle                            0x2000216e   Data           2  main.o(.data)
    m_app_handle                             0x20002170   Data           1  main.o(.data)
    m_bonded_peer_handle                     0x20002171   Data           4  main.o(.data)
    m_caps_on                                0x20002175   Data           1  main.o(.data)
    m_adv_uuids                              0x20002176   Data           4  main.o(.data)
    m_caps_on_key_scan_str                   0x2000217a   Data           6  main.o(.data)
    m_caps_off_key_scan_str                  0x20002180   Data           6  main.o(.data)
    report_map_data                          0x20002186   Data         128  main.o(.data)
    .bss                                     0x20002208   Section      295  device_manager_peripheral.o(.bss)
    m_peer_table                             0x20002208   Data         196  device_manager_peripheral.o(.bss)
    m_bond_table                             0x200022cc   Data          28  device_manager_peripheral.o(.bss)
    m_gatts_table                            0x200022e8   Data          24  device_manager_peripheral.o(.bss)
    m_connection_table                       0x20002300   Data          12  device_manager_peripheral.o(.bss)
    m_application_table                      0x2000230c   Data          12  device_manager_peripheral.o(.bss)
    m_local_id_info                          0x20002318   Data          23  device_manager_peripheral.o(.bss)
    .bss                                     0x20002330   Section      251  ble_advertising.o(.bss)
    m_advdata                                0x20002330   Data          48  ble_advertising.o(.bss)
    m_adv_modes_config                       0x20002360   Data          36  ble_advertising.o(.bss)
    m_whitelist                              0x20002384   Data          16  ble_advertising.o(.bss)
    mp_whitelist_addr                        0x20002394   Data          32  ble_advertising.o(.bss)
    mp_whitelist_irk                         0x200023b4   Data          32  ble_advertising.o(.bss)
    m_manuf_specific_data                    0x200023d4   Data          12  ble_advertising.o(.bss)
    m_manuf_data_array                       0x200023e0   Data          31  ble_advertising.o(.bss)
    m_service_data                           0x20002400   Data          12  ble_advertising.o(.bss)
    m_service_data_array                     0x2000240c   Data          31  ble_advertising.o(.bss)
    .bss                                     0x2000242c   Section       28  ble_conn_params.o(.bss)
    m_conn_params_config                     0x2000242c   Data          28  ble_conn_params.o(.bss)
    .bss                                     0x20002448   Section       56  nrf_drv_gpiote.o(.bss)
    m_cb                                     0x20002448   Data          56  nrf_drv_gpiote.o(.bss)
    .bss                                     0x20002480   Section       32  app_uart_fifo.o(.bss)
    m_rx_fifo                                0x20002480   Data          16  app_uart_fifo.o(.bss)
    m_tx_fifo                                0x20002490   Data          16  app_uart_fifo.o(.bss)
    .bss                                     0x200024a0   Section      216  pstorage.o(.bss)
    m_cmd_queue                              0x200024a0   Data         204  pstorage.o(.bss)
    m_app_table                              0x2000256c   Data          12  pstorage.o(.bss)
    .bss                                     0x20002578   Section     1424  main.o(.bss)
    m_hids                                   0x20002578   Data         376  main.o(.bss)
    buffer_list                              0x200026f0   Data          64  main.o(.bss)
    APP_TIMER_BUF                            0x20002730   Data         736  main.o(.bss)
    BLE_EVT_BUFFER                           0x20002a10   Data          72  main.o(.bss)
    APP_SCHED_BUF                            0x20002a58   Data         176  main.o(.bss)
    .bss                                     0x20002b08   Section       96  libspace.o(.bss)
    HEAP                                     0x20002b68   Section     2048  arm_startup_nrf51.o(HEAP)
    Heap_Mem                                 0x20002b68   Data        2048  arm_startup_nrf51.o(HEAP)
    STACK                                    0x20003368   Section     2048  arm_startup_nrf51.o(STACK)
    Stack_Mem                                0x20003368   Data        2048  arm_startup_nrf51.o(STACK)
    __initial_sp                             0x20003b68   Data           0  arm_startup_nrf51.o(STACK)

    Global Symbols

    Symbol Name                              Value     Ov Type        Size  Object(Section)

    BuildAttributes$$THM_ISAv3M$S$PE$A:L22$X:L11$S22$IEEE1$IW$USESV6$~STKCKD$USESV7$~SHL$OSPACE$ROPI$EBA8$UX$STANDARDLIB$REQ8$PRES8$EABIv2 0x00000000   Number         0  anon$$obj.o ABSOLUTE
    __ARM_use_no_argv                        0x00000000   Number         0  main.o ABSOLUTE
    __ARM_exceptions_init                     - Undefined Weak Reference
    __alloca_initialize                       - Undefined Weak Reference
    __arm_preinit_                            - Undefined Weak Reference
    __cpp_initialize__aeabi_                  - Undefined Weak Reference
    __cxa_finalize                            - Undefined Weak Reference
    __rt_locale                               - Undefined Weak Reference
    __sigvec_lookup                           - Undefined Weak Reference
    _atexit_init                              - Undefined Weak Reference
    _call_atexit_fns                          - Undefined Weak Reference
    _clock_init                               - Undefined Weak Reference
    _fp_trap_init                             - Undefined Weak Reference
    _fp_trap_shutdown                         - Undefined Weak Reference
    _get_lc_collate                           - Undefined Weak Reference
    _get_lc_ctype                             - Undefined Weak Reference
    _get_lc_monetary                          - Undefined Weak Reference
    _get_lc_numeric                           - Undefined Weak Reference
    _get_lc_time                              - Undefined Weak Reference
    _getenv_init                              - Undefined Weak Reference
    _handle_redirection                       - Undefined Weak Reference
    _init_alloc                               - Undefined Weak Reference
    _init_user_alloc                          - Undefined Weak Reference
    _initio                                   - Undefined Weak Reference
    _mutex_acquire                            - Undefined Weak Reference
    _mutex_release                            - Undefined Weak Reference
    _printf_mbtowc                            - Undefined Weak Reference
    _printf_post_padding                      - Undefined Weak Reference
    _printf_pre_padding                       - Undefined Weak Reference
    _rand_init                                - Undefined Weak Reference
    _signal_finish                            - Undefined Weak Reference
    _signal_init                              - Undefined Weak Reference
    _terminate_alloc                          - Undefined Weak Reference
    _terminate_user_alloc                     - Undefined Weak Reference
    _terminateio                              - Undefined Weak Reference
    __Vectors_Size                           0x000000c0   Number         0  arm_startup_nrf51.o ABSOLUTE
    __Vectors                                0x00018000   Data           4  arm_startup_nrf51.o(RESET)
    __Vectors_End                            0x000180c0   Data           0  arm_startup_nrf51.o(RESET)
    __main                                   0x000180c1   Thumb Code     8  __main.o(!!!main)
    __scatterload                            0x000180c9   Thumb Code     0  __scatter.o(!!!scatter)
    __scatterload_rt2                        0x000180c9   Thumb Code    52  __scatter.o(!!!scatter)
    __scatterload_rt2_thumb_only             0x000180c9   Thumb Code     0  __scatter.o(!!!scatter)
    __scatterload_null                       0x000180d9   Thumb Code     0  __scatter.o(!!!scatter)
    __scatterload_zeroinit                   0x00018105   Thumb Code    28  __scatter_zi.o(!!handler_zi)
    __rt_lib_init                            0x00018121   Thumb Code     0  libinit.o(.ARM.Collect$$libinit$$00000000)
    __rt_lib_init_alloca_1                   0x00018123   Thumb Code     0  libinit2.o(.ARM.Collect$$libinit$$0000002E)
    __rt_lib_init_argv_1                     0x00018123   Thumb Code     0  libinit2.o(.ARM.Collect$$libinit$$0000002C)
    __rt_lib_init_atexit_1                   0x00018123   Thumb Code     0  libinit2.o(.ARM.Collect$$libinit$$0000001B)
    __rt_lib_init_clock_1                    0x00018123   Thumb Code     0  libinit2.o(.ARM.Collect$$libinit$$00000021)
    __rt_lib_init_cpp_1                      0x00018123   Thumb Code     0  libinit2.o(.ARM.Collect$$libinit$$00000032)
    __rt_lib_init_exceptions_1               0x00018123   Thumb Code     0  libinit2.o(.ARM.Collect$$libinit$$00000030)
    __rt_lib_init_fp_1                       0x00018123   Thumb Code     0  libinit2.o(.ARM.Collect$$libinit$$00000002)
    __rt_lib_init_fp_trap_1                  0x00018123   Thumb Code     0  libinit2.o(.ARM.Collect$$libinit$$0000001F)
    __rt_lib_init_getenv_1                   0x00018123   Thumb Code     0  libinit2.o(.ARM.Collect$$libinit$$00000023)
    __rt_lib_init_heap_1                     0x00018123   Thumb Code     0  libinit2.o(.ARM.Collect$$libinit$$0000000A)
    __rt_lib_init_lc_collate_1               0x00018123   Thumb Code     0  libinit2.o(.ARM.Collect$$libinit$$00000011)
    __rt_lib_init_lc_ctype_1                 0x00018123   Thumb Code     0  libinit2.o(.ARM.Collect$$libinit$$00000013)
    __rt_lib_init_lc_monetary_1              0x00018123   Thumb Code     0  libinit2.o(.ARM.Collect$$libinit$$00000015)
    __rt_lib_init_lc_numeric_1               0x00018123   Thumb Code     0  libinit2.o(.ARM.Collect$$libinit$$00000017)
    __rt_lib_init_lc_time_1                  0x00018123   Thumb Code     0  libinit2.o(.ARM.Collect$$libinit$$00000019)
    __rt_lib_init_preinit_1                  0x00018123   Thumb Code     0  libinit2.o(.ARM.Collect$$libinit$$00000004)
    __rt_lib_init_rand_1                     0x00018123   Thumb Code     0  libinit2.o(.ARM.Collect$$libinit$$0000000E)
    __rt_lib_init_return                     0x00018123   Thumb Code     0  libinit2.o(.ARM.Collect$$libinit$$00000033)
    __rt_lib_init_signal_1                   0x00018123   Thumb Code     0  libinit2.o(.ARM.Collect$$libinit$$0000001D)
    __rt_lib_init_stdio_1                    0x00018123   Thumb Code     0  libinit2.o(.ARM.Collect$$libinit$$00000025)
    __rt_lib_init_user_alloc_1               0x00018123   Thumb Code     0  libinit2.o(.ARM.Collect$$libinit$$0000000C)
    __rt_lib_shutdown                        0x00018125   Thumb Code     0  libshutdown.o(.ARM.Collect$$libshutdown$$00000000)
    __rt_lib_shutdown_fp_trap_1              0x00018127   Thumb Code     0  libshutdown2.o(.ARM.Collect$$libshutdown$$00000006)
    __rt_lib_shutdown_heap_1                 0x00018127   Thumb Code     0  libshutdown2.o(.ARM.Collect$$libshutdown$$0000000E)
    __rt_lib_shutdown_return                 0x00018127   Thumb Code     0  libshutdown2.o(.ARM.Collect$$libshutdown$$0000000F)
    __rt_lib_shutdown_signal_1               0x00018127   Thumb Code     0  libshutdown2.o(.ARM.Collect$$libshutdown$$00000009)
    __rt_lib_shutdown_stdio_1                0x00018127   Thumb Code     0  libshutdown2.o(.ARM.Collect$$libshutdown$$00000003)
    __rt_lib_shutdown_user_alloc_1           0x00018127   Thumb Code     0  libshutdown2.o(.ARM.Collect$$libshutdown$$0000000B)
    __rt_entry                               0x00018129   Thumb Code     0  __rtentry.o(.ARM.Collect$$rtentry$$00000000)
    __rt_entry_presh_1                       0x00018129   Thumb Code     0  __rtentry2.o(.ARM.Collect$$rtentry$$00000002)
    __rt_entry_sh                            0x00018129   Thumb Code     0  __rtentry4.o(.ARM.Collect$$rtentry$$00000004)
    __rt_entry_li                            0x0001812f   Thumb Code     0  __rtentry2.o(.ARM.Collect$$rtentry$$0000000A)
    __rt_entry_postsh_1                      0x0001812f   Thumb Code     0  __rtentry2.o(.ARM.Collect$$rtentry$$00000009)
    __rt_entry_main                          0x00018133   Thumb Code     0  __rtentry2.o(.ARM.Collect$$rtentry$$0000000D)
    __rt_entry_postli_1                      0x00018133   Thumb Code     0  __rtentry2.o(.ARM.Collect$$rtentry$$0000000C)
    __rt_exit                                0x0001813b   Thumb Code     0  rtexit.o(.ARM.Collect$$rtexit$$00000000)
    __rt_exit_ls                             0x0001813d   Thumb Code     0  rtexit2.o(.ARM.Collect$$rtexit$$00000003)
    __rt_exit_prels_1                        0x0001813d   Thumb Code     0  rtexit2.o(.ARM.Collect$$rtexit$$00000002)
    __rt_exit_exit                           0x00018141   Thumb Code     0  rtexit2.o(.ARM.Collect$$rtexit$$00000004)
    __asm___11_app_timer_c_cd27f9c3__nrf_delay_us 0x00018149   Thumb Code    30  app_timer.o(.emb_text)
    __aeabi_memcpy4                          0x00018169   Thumb Code    56  rt_memcpy.o(.emb_text)
    __aeabi_memcpy8                          0x00018169   Thumb Code     0  rt_memcpy.o(.emb_text)
    Reset_Handler                            0x000181a1   Thumb Code    26  arm_startup_nrf51.o(.text)
    NMI_Handler                              0x000181bb   Thumb Code     2  arm_startup_nrf51.o(.text)
    SVC_Handler                              0x000181bf   Thumb Code     2  arm_startup_nrf51.o(.text)
    PendSV_Handler                           0x000181c1   Thumb Code     2  arm_startup_nrf51.o(.text)
    SysTick_Handler                          0x000181c3   Thumb Code     2  arm_startup_nrf51.o(.text)
    ADC_IRQHandler                           0x000181c5   Thumb Code     0  arm_startup_nrf51.o(.text)
    CCM_AAR_IRQHandler                       0x000181c5   Thumb Code     0  arm_startup_nrf51.o(.text)
    ECB_IRQHandler                           0x000181c5   Thumb Code     0  arm_startup_nrf51.o(.text)
    LPCOMP_IRQHandler                        0x000181c5   Thumb Code     0  arm_startup_nrf51.o(.text)
    POWER_CLOCK_IRQHandler                   0x000181c5   Thumb Code     0  arm_startup_nrf51.o(.text)
    QDEC_IRQHandler                          0x000181c5   Thumb Code     0  arm_startup_nrf51.o(.text)
    RADIO_IRQHandler                         0x000181c5   Thumb Code     0  arm_startup_nrf51.o(.text)
    RNG_IRQHandler                           0x000181c5   Thumb Code     0  arm_startup_nrf51.o(.text)
    RTC0_IRQHandler                          0x000181c5   Thumb Code     0  arm_startup_nrf51.o(.text)
    SPI0_TWI0_IRQHandler                     0x000181c5   Thumb Code     0  arm_startup_nrf51.o(.text)
    SPI1_TWI1_IRQHandler                     0x000181c5   Thumb Code     0  arm_startup_nrf51.o(.text)
    SWI1_IRQHandler                          0x000181c5   Thumb Code     0  arm_startup_nrf51.o(.text)
    SWI3_IRQHandler                          0x000181c5   Thumb Code     0  arm_startup_nrf51.o(.text)
    SWI4_IRQHandler                          0x000181c5   Thumb Code     0  arm_startup_nrf51.o(.text)
    SWI5_IRQHandler                          0x000181c5   Thumb Code     0  arm_startup_nrf51.o(.text)
    TEMP_IRQHandler                          0x000181c5   Thumb Code     0  arm_startup_nrf51.o(.text)
    TIMER0_IRQHandler                        0x000181c5   Thumb Code     0  arm_startup_nrf51.o(.text)
    TIMER1_IRQHandler                        0x000181c5   Thumb Code     0  arm_startup_nrf51.o(.text)
    TIMER2_IRQHandler                        0x000181c5   Thumb Code     0  arm_startup_nrf51.o(.text)
    WDT_IRQHandler                           0x000181c5   Thumb Code     0  arm_startup_nrf51.o(.text)
    __user_initial_stackheap                 0x000181c9   Thumb Code    10  arm_startup_nrf51.o(.text)
    memcmp                                   0x000181f5   Thumb Code    90  memcmp.o(.text)
    strlen                                   0x00018251   Thumb Code    62  strlen.o(.text)
    __aeabi_memcpy                           0x00018295   Thumb Code   130  rt_memcpy.o(.text)
    __rt_memcpy                              0x00018295   Thumb Code     0  rt_memcpy.o(.text)
    _memset_w                                0x00018317   Thumb Code    26  rt_memclr.o(.text)
    _memset                                  0x00018331   Thumb Code    30  rt_memclr.o(.text)
    __aeabi_memclr                           0x0001834f   Thumb Code     4  rt_memclr.o(.text)
    __rt_memclr                              0x0001834f   Thumb Code     0  rt_memclr.o(.text)
    __aeabi_memclr4                          0x00018353   Thumb Code     0  rt_memclr.o(.text)
    __aeabi_memclr8                          0x00018353   Thumb Code     0  rt_memclr.o(.text)
    __rt_memclr_w                            0x00018353   Thumb Code     4  rt_memclr.o(.text)
    __aeabi_uidiv                            0x00018357   Thumb Code     0  aeabi_sdiv.o(.text)
    __aeabi_uidivmod                         0x00018357   Thumb Code    20  aeabi_sdiv.o(.text)
    __aeabi_idiv                             0x0001836b   Thumb Code     0  aeabi_sdiv.o(.text)
    __aeabi_idivmod                          0x0001836b   Thumb Code   326  aeabi_sdiv.o(.text)
    __use_two_region_memory                  0x000184b1   Thumb Code     2  heapauxi.o(.text)
    __rt_heap_escrow$2region                 0x000184b3   Thumb Code     2  heapauxi.o(.text)
    __rt_heap_expand$2region                 0x000184b5   Thumb Code     2  heapauxi.o(.text)
    __user_setup_stackheap                   0x000184b7   Thumb Code    62  sys_stackheap_outer.o(.text)
    exit                                     0x000184f5   Thumb Code    12  exit.o(.text)
    __user_libspace                          0x00018501   Thumb Code     8  libspace.o(.text)
    __user_perproc_libspace                  0x00018501   Thumb Code     0  libspace.o(.text)
    __user_perthread_libspace                0x00018501   Thumb Code     0  libspace.o(.text)
    _sys_exit                                0x00018509   Thumb Code     8  sys_exit.o(.text)
    __I$use$semihosting                      0x00018515   Thumb Code     0  use_no_semi.o(.text)
    __use_no_semihosting_swi                 0x00018515   Thumb Code     2  use_no_semi.o(.text)
    __decompress                             0x00018517   Thumb Code     0  __dczerorl2.o(.text)
    __decompress1                            0x00018517   Thumb Code    86  __dczerorl2.o(.text)
    __semihosting_library_function           0x00018517   Thumb Code     0  indicate_semi.o(.text)
    GPIOTE_IRQHandler                        0x0001856d   Thumb Code   378  nrf_drv_gpiote.o(i.GPIOTE_IRQHandler)
    HardFault_Handler                        0x000186f9   Thumb Code    52  main.o(i.HardFault_Handler)
    RTC1_IRQHandler                          0x00018861   Thumb Code    34  app_timer.o(i.RTC1_IRQHandler)
    SWI0_IRQHandler                          0x00018889   Thumb Code     8  app_timer.o(i.SWI0_IRQHandler)
    SWI2_IRQHandler                          0x00018891   Thumb Code    50  softdevice_handler.o(i.SWI2_IRQHandler)
    SystemInit                               0x000188c9   Thumb Code    76  system_nrf51.o(i.SystemInit)
    UART0_IRQHandler                         0x0001892d   Thumb Code   142  app_uart_fifo.o(i.UART0_IRQHandler)
    __ARM_common_switch8                     0x000189cd   Thumb Code    28  bsp.o(i.__ARM_common_switch8)
    action_tx_stop                           0x00018a59   Thumb Code    28  app_uart_fifo.o(i.action_tx_stop)
    app_button_enable                        0x00018c81   Thumb Code    34  app_button.o(i.app_button_enable)
    app_button_init                          0x00018cad   Thumb Code   128  app_button.o(i.app_button_init)
    app_error_handler                        0x00018d51   Thumb Code    48  app_error.o(i.app_error_handler)
    app_fifo_get                             0x00018da5   Thumb Code    42  app_fifo.o(i.app_fifo_get)
    app_fifo_put                             0x00018dcf   Thumb Code    42  app_fifo.o(i.app_fifo_put)
    app_sched_event_put                      0x00018ec1   Thumb Code   252  app_scheduler.o(i.app_sched_event_put)
    app_sched_execute                        0x00018fd5   Thumb Code    30  app_scheduler.o(i.app_sched_execute)
    app_sched_init                           0x00018ff5   Thumb Code    66  app_scheduler.o(i.app_sched_init)
    app_timer_create                         0x00019051   Thumb Code   108  app_timer.o(i.app_timer_create)
    app_timer_evt_schedule                   0x000190f9   Thumb Code    22  app_timer_appsh.o(i.app_timer_evt_schedule)
    app_timer_init                           0x00019115   Thumb Code   204  app_timer.o(i.app_timer_init)
    app_timer_start                          0x00019205   Thumb Code    98  app_timer.o(i.app_timer_start)
    app_timer_stop                           0x00019271   Thumb Code    60  app_timer.o(i.app_timer_stop)
    ble_advdata_set                          0x000192ff   Thumb Code   122  ble_advdata.o(i.ble_advdata_set)
    ble_advertising_init                     0x0001938d   Thumb Code   316  ble_advertising.o(i.ble_advertising_init)
    ble_advertising_on_ble_evt               0x00019501   Thumb Code   236  ble_advertising.o(i.ble_advertising_on_ble_evt)
    ble_advertising_on_sys_evt               0x00019605   Thumb Code    70  ble_advertising.o(i.ble_advertising_on_sys_evt)
    ble_advertising_peer_addr_reply          0x00019659   Thumb Code    50  ble_advertising.o(i.ble_advertising_peer_addr_reply)
    ble_advertising_restart_without_whitelist 0x000196a5   Thumb Code    78  ble_advertising.o(i.ble_advertising_restart_without_whitelist)
    ble_advertising_start                    0x00019705   Thumb Code   654  ble_advertising.o(i.ble_advertising_start)
    ble_advertising_whitelist_reply          0x000199c1   Thumb Code    88  ble_advertising.o(i.ble_advertising_whitelist_reply)
    ble_conn_params_init                     0x00019a29   Thumb Code    90  ble_conn_params.o(i.ble_conn_params_init)
    ble_conn_params_on_ble_evt               0x00019aa1   Thumb Code    62  ble_conn_params.o(i.ble_conn_params_on_ble_evt)
    ble_dis_init                             0x00019ae1   Thumb Code   386  ble_dis.o(i.ble_dis_init)
    ble_hids_boot_kb_inp_rep_send            0x00019cc1   Thumb Code    92  ble_hids.o(i.ble_hids_boot_kb_inp_rep_send)
    ble_hids_init                            0x00019d21   Thumb Code   356  ble_hids.o(i.ble_hids_init)
    ble_hids_inp_rep_send                    0x00019e8d   Thumb Code   116  ble_hids.o(i.ble_hids_inp_rep_send)
    ble_hids_on_ble_evt                      0x00019f05   Thumb Code    72  ble_hids.o(i.ble_hids_on_ble_evt)
    ble_hids_outp_rep_get                    0x00019f4d   Thumb Code    48  ble_hids.o(i.ble_hids_outp_rep_get)
    ble_srv_ascii_to_utf8                    0x00019f7d   Thumb Code    18  ble_srv_common.o(i.ble_srv_ascii_to_utf8)
    ble_srv_report_ref_encode                0x00019f8f   Thumb Code    62  ble_srv_common.o(i.ble_srv_report_ref_encode)
    bond_data_load                           0x0001a075   Thumb Code    62  device_manager_peripheral.o(i.bond_data_load)
    bsp_btn_ble_init                         0x0001a295   Thumb Code    40  bsp_btn_ble.o(i.bsp_btn_ble_init)
    bsp_btn_ble_sleep_mode_prepare           0x0001a2c1   Thumb Code    30  bsp_btn_ble.o(i.bsp_btn_ble_sleep_mode_prepare)
    bsp_button_is_pressed                    0x0001a3b9   Thumb Code    48  bsp.o(i.bsp_button_is_pressed)
    bsp_event_to_button_action_assign        0x0001a4b1   Thumb Code    88  bsp.o(i.bsp_event_to_button_action_assign)
    bsp_init                                 0x0001a50d   Thumb Code   178  bsp.o(i.bsp_init)
    bsp_wakeup_buttons_set                   0x0001aad9   Thumb Code    84  bsp.o(i.bsp_wakeup_buttons_set)
    dm_ble_evt_handler                       0x0001b9b1   Thumb Code  1562  device_manager_peripheral.o(i.dm_ble_evt_handler)
    dm_handle_initialize                     0x0001bfe9   Thumb Code    24  device_manager_peripheral.o(i.dm_handle_initialize)
    dm_init                                  0x0001c005   Thumb Code   230  device_manager_peripheral.o(i.dm_init)
    dm_peer_addr_get                         0x0001c10d   Thumb Code   176  device_manager_peripheral.o(i.dm_peer_addr_get)
    dm_register                              0x0001c3cd   Thumb Code   176  device_manager_peripheral.o(i.dm_register)
    dm_service_context_set                   0x0001c489   Thumb Code   212  device_manager_peripheral.o(i.dm_service_context_set)
    dm_whitelist_create                      0x0001c57d   Thumb Code   260  device_manager_peripheral.o(i.dm_whitelist_create)
    intern_softdevice_events_execute         0x0001d301   Thumb Code   168  softdevice_handler.o(i.intern_softdevice_events_execute)
    main                                     0x0001d839   Thumb Code    92  main.o(i.main)
    nrf_drv_common_irq_enable                0x0001d9f5   Thumb Code    48  nrf_drv_common.o(i.nrf_drv_common_irq_enable)
    nrf_drv_gpiote_in_event_enable           0x0001da2d   Thumb Code   186  nrf_drv_gpiote.o(i.nrf_drv_gpiote_in_event_enable)
    nrf_drv_gpiote_in_init                   0x0001daf5   Thumb Code   226  nrf_drv_gpiote.o(i.nrf_drv_gpiote_in_init)
    nrf_drv_gpiote_in_is_set                 0x0001dbe9   Thumb Code    26  nrf_drv_gpiote.o(i.nrf_drv_gpiote_in_is_set)
    nrf_drv_gpiote_init                      0x0001dc09   Thumb Code    76  nrf_drv_gpiote.o(i.nrf_drv_gpiote_init)
    nrf_drv_gpiote_is_init                   0x0001dc59   Thumb Code    16  nrf_drv_gpiote.o(i.nrf_drv_gpiote_is_init)
    pstorage_access_status_get               0x0001e78d   Thumb Code    40  pstorage.o(i.pstorage_access_status_get)
    pstorage_block_identifier_get            0x0001e7bd   Thumb Code   154  pstorage.o(i.pstorage_block_identifier_get)
    pstorage_clear                           0x0001e861   Thumb Code   270  pstorage.o(i.pstorage_clear)
    pstorage_init                            0x0001e9ad   Thumb Code   104  pstorage.o(i.pstorage_init)
    pstorage_load                            0x0001ea35   Thumb Code   242  pstorage.o(i.pstorage_load)
    pstorage_register                        0x0001eb31   Thumb Code   262  pstorage.o(i.pstorage_register)
    pstorage_store                           0x0001ec49   Thumb Code   216  pstorage.o(i.pstorage_store)
    pstorage_sys_event_handler               0x0001ed29   Thumb Code    66  pstorage.o(i.pstorage_sys_event_handler)
    pstorage_update                          0x0001ed75   Thumb Code   216  pstorage.o(i.pstorage_update)
    softdevice_assertion_handler             0x0001f4b1   Thumb Code    18  softdevice_handler.o(i.softdevice_assertion_handler)
    softdevice_ble_evt_handler_set           0x0001f4c5   Thumb Code    18  softdevice_handler.o(i.softdevice_ble_evt_handler_set)
    softdevice_evt_get                       0x0001f4dd   Thumb Code    46  softdevice_handler_appsh.o(i.softdevice_evt_get)
    softdevice_evt_schedule                  0x0001f50d   Thumb Code    14  softdevice_handler_appsh.o(i.softdevice_evt_schedule)
    softdevice_handler_init                  0x0001f521   Thumb Code    84  softdevice_handler.o(i.softdevice_handler_init)
    softdevice_sys_evt_handler_set           0x0001f589   Thumb Code    18  softdevice_handler.o(i.softdevice_sys_evt_handler_set)
    m_service_context_store                  0x000200d4   Data          16  device_manager_peripheral.o(.constdata)
    m_service_context_load                   0x000200e4   Data          16  device_manager_peripheral.o(.constdata)
    m_service_context_apply                  0x000200f4   Data          16  device_manager_peripheral.o(.constdata)
    m_context_init_len                       0x00020104   Data           4  device_manager_peripheral.o(.constdata)
    Region$$Table$$Base                      0x00020158   Number         0  anon$$obj.o(Region$$Table)
    Region$$Table$$Limit                     0x00020178   Number         0  anon$$obj.o(Region$$Table)
    SystemCoreClock                          0x20002000   Data           4  system_nrf51.o(.data)
    __libspace_start                         0x20002b08   Data          96  libspace.o(.bss)
    __temporary_stack_top$libspace           0x20002b68   Data           0  libspace.o(.bss)



==============================================================================

Memory Map of the image

  Image Entry point : 0x000180c1

  Load Region LR_IROM1 (Base: 0x00018000, Size: 0x00008380, Max: 0x00028000, ABSOLUTE, COMPRESSED[0x00008210])

    Execution Region ER_IROM1 (Base: 0x00018000, Size: 0x00008178, Max: 0x00028000, ABSOLUTE)

    Base Addr    Size         Type   Attr      Idx    E Section Name        Object

    0x00018000   0x000000c0   Data   RO            3    RESET               arm_startup_nrf51.o
    0x000180c0   0x00000008   Code   RO         2865  * !!!main             c_p.l(__main.o)
    0x000180c8   0x0000003c   Code   RO         3048    !!!scatter          c_p.l(__scatter.o)
    0x00018104   0x0000001c   Code   RO         3050    !!handler_zi        c_p.l(__scatter_zi.o)
    0x00018120   0x00000002   Code   RO         2916    .ARM.Collect$$libinit$$00000000  c_p.l(libinit.o)
    0x00018122   0x00000000   Code   RO         2930    .ARM.Collect$$libinit$$00000002  c_p.l(libinit2.o)
    0x00018122   0x00000000   Code   RO         2932    .ARM.Collect$$libinit$$00000004  c_p.l(libinit2.o)
    0x00018122   0x00000000   Code   RO         2935    .ARM.Collect$$libinit$$0000000A  c_p.l(libinit2.o)
    0x00018122   0x00000000   Code   RO         2937    .ARM.Collect$$libinit$$0000000C  c_p.l(libinit2.o)
    0x00018122   0x00000000   Code   RO         2939    .ARM.Collect$$libinit$$0000000E  c_p.l(libinit2.o)
    0x00018122   0x00000000   Code   RO         2942    .ARM.Collect$$libinit$$00000011  c_p.l(libinit2.o)
    0x00018122   0x00000000   Code   RO         2944    .ARM.Collect$$libinit$$00000013  c_p.l(libinit2.o)
    0x00018122   0x00000000   Code   RO         2946    .ARM.Collect$$libinit$$00000015  c_p.l(libinit2.o)
    0x00018122   0x00000000   Code   RO         2948    .ARM.Collect$$libinit$$00000017  c_p.l(libinit2.o)
    0x00018122   0x00000000   Code   RO         2950    .ARM.Collect$$libinit$$00000019  c_p.l(libinit2.o)
    0x00018122   0x00000000   Code   RO         2952    .ARM.Collect$$libinit$$0000001B  c_p.l(libinit2.o)
    0x00018122   0x00000000   Code   RO         2954    .ARM.Collect$$libinit$$0000001D  c_p.l(libinit2.o)
    0x00018122   0x00000000   Code   RO         2956    .ARM.Collect$$libinit$$0000001F  c_p.l(libinit2.o)
    0x00018122   0x00000000   Code   RO         2958    .ARM.Collect$$libinit$$00000021  c_p.l(libinit2.o)
    0x00018122   0x00000000   Code   RO         2960    .ARM.Collect$$libinit$$00000023  c_p.l(libinit2.o)
    0x00018122   0x00000000   Code   RO         2962    .ARM.Collect$$libinit$$00000025  c_p.l(libinit2.o)
    0x00018122   0x00000000   Code   RO         2966    .ARM.Collect$$libinit$$0000002C  c_p.l(libinit2.o)
    0x00018122   0x00000000   Code   RO         2968    .ARM.Collect$$libinit$$0000002E  c_p.l(libinit2.o)
    0x00018122   0x00000000   Code   RO         2970    .ARM.Collect$$libinit$$00000030  c_p.l(libinit2.o)
    0x00018122   0x00000000   Code   RO         2972    .ARM.Collect$$libinit$$00000032  c_p.l(libinit2.o)
    0x00018122   0x00000002   Code   RO         2973    .ARM.Collect$$libinit$$00000033  c_p.l(libinit2.o)
    0x00018124   0x00000002   Code   RO         3004    .ARM.Collect$$libshutdown$$00000000  c_p.l(libshutdown.o)
    0x00018126   0x00000000   Code   RO         3031    .ARM.Collect$$libshutdown$$00000003  c_p.l(libshutdown2.o)
    0x00018126   0x00000000   Code   RO         3034    .ARM.Collect$$libshutdown$$00000006  c_p.l(libshutdown2.o)
    0x00018126   0x00000000   Code   RO         3037    .ARM.Collect$$libshutdown$$00000009  c_p.l(libshutdown2.o)
    0x00018126   0x00000000   Code   RO         3039    .ARM.Collect$$libshutdown$$0000000B  c_p.l(libshutdown2.o)
    0x00018126   0x00000000   Code   RO         3042    .ARM.Collect$$libshutdown$$0000000E  c_p.l(libshutdown2.o)
    0x00018126   0x00000002   Code   RO         3043    .ARM.Collect$$libshutdown$$0000000F  c_p.l(libshutdown2.o)
    0x00018128   0x00000000   Code   RO         2867    .ARM.Collect$$rtentry$$00000000  c_p.l(__rtentry.o)
    0x00018128   0x00000000   Code   RO         2878    .ARM.Collect$$rtentry$$00000002  c_p.l(__rtentry2.o)
    0x00018128   0x00000006   Code   RO         2890    .ARM.Collect$$rtentry$$00000004  c_p.l(__rtentry4.o)
    0x0001812e   0x00000000   Code   RO         2880    .ARM.Collect$$rtentry$$00000009  c_p.l(__rtentry2.o)
    0x0001812e   0x00000004   Code   RO         2881    .ARM.Collect$$rtentry$$0000000A  c_p.l(__rtentry2.o)
    0x00018132   0x00000000   Code   RO         2883    .ARM.Collect$$rtentry$$0000000C  c_p.l(__rtentry2.o)
    0x00018132   0x00000008   Code   RO         2884    .ARM.Collect$$rtentry$$0000000D  c_p.l(__rtentry2.o)
    0x0001813a   0x00000002   Code   RO         2921    .ARM.Collect$$rtexit$$00000000  c_p.l(rtexit.o)
    0x0001813c   0x00000000   Code   RO         2977    .ARM.Collect$$rtexit$$00000002  c_p.l(rtexit2.o)
    0x0001813c   0x00000004   Code   RO         2978    .ARM.Collect$$rtexit$$00000003  c_p.l(rtexit2.o)
    0x00018140   0x00000006   Code   RO         2979    .ARM.Collect$$rtexit$$00000004  c_p.l(rtexit2.o)
    0x00018146   0x00000002   PAD
    0x00018148   0x0000001e   Code   RO         2134    .emb_text           app_timer.o
    0x00018166   0x00000002   PAD
    0x00018168   0x00000038   Code   RO         2853    .emb_text           c_p.l(rt_memcpy.o)
    0x000181a0   0x00000054   Code   RO            4    .text               arm_startup_nrf51.o
    0x000181f4   0x0000005a   Code   RO         2849    .text               c_p.l(memcmp.o)
    0x0001824e   0x00000002   PAD
    0x00018250   0x00000044   Code   RO         2851    .text               c_p.l(strlen.o)
    0x00018294   0x00000082   Code   RO         2854    .text               c_p.l(rt_memcpy.o)
    0x00018316   0x00000040   Code   RO         2857    .text               c_p.l(rt_memclr.o)
    0x00018356   0x0000015a   Code   RO         2859    .text               c_p.l(aeabi_sdiv.o)
    0x000184b0   0x00000006   Code   RO         2863    .text               c_p.l(heapauxi.o)
    0x000184b6   0x0000003e   Code   RO         2900    .text               c_p.l(sys_stackheap_outer.o)
    0x000184f4   0x0000000c   Code   RO         2905    .text               c_p.l(exit.o)
    0x00018500   0x00000008   Code   RO         2917    .text               c_p.l(libspace.o)
    0x00018508   0x0000000c   Code   RO         2974    .text               c_p.l(sys_exit.o)
    0x00018514   0x00000002   Code   RO         2993    .text               c_p.l(use_no_semi.o)
    0x00018516   0x00000000   Code   RO         2995    .text               c_p.l(indicate_semi.o)
    0x00018516   0x00000056   Code   RO         3046    .text               c_p.l(__dczerorl2.o)
    0x0001856c   0x0000018c   Code   RO         1213    i.GPIOTE_IRQHandler  nrf_drv_gpiote.o
    0x000186f8   0x0000003c   Code   RO         2552    i.HardFault_Handler  main.o
    0x00018734   0x00000014   Code   RO         2135    i.NVIC_ClearPendingIRQ  app_timer.o
    0x00018748   0x00000014   Code   RO         2136    i.NVIC_EnableIRQ    app_timer.o
    0x0001875c   0x00000014   Code   RO         2137    i.NVIC_SetPendingIRQ  app_timer.o
    0x00018770   0x00000078   Code   RO         1179    i.NVIC_SetPriority  nrf_drv_common.o
    0x000187e8   0x00000078   Code   RO         2138    i.NVIC_SetPriority  app_timer.o
    0x00018860   0x00000028   Code   RO         2139    i.RTC1_IRQHandler   app_timer.o
    0x00018888   0x00000008   Code   RO         2140    i.SWI0_IRQHandler   app_timer.o
    0x00018890   0x00000038   Code   RO         2450    i.SWI2_IRQHandler   softdevice_handler.o
    0x000188c8   0x00000064   Code   RO           13    i.SystemInit        system_nrf51.o
    0x0001892c   0x000000a0   Code   RO         1476    i.UART0_IRQHandler  app_uart_fifo.o
    0x000189cc   0x0000001c   Code   RO          184    i.__ARM_common_switch8  bsp.o
    0x000189e8   0x0000001c   Code   RO         1477    i.action_tx_ready   app_uart_fifo.o
    0x00018a04   0x00000054   Code   RO         1478    i.action_tx_send    app_uart_fifo.o
    0x00018a58   0x00000028   Code   RO         1479    i.action_tx_stop    app_uart_fifo.o
    0x00018a80   0x00000024   Code   RO         1480    i.action_uart_deactivate  app_uart_fifo.o
    0x00018aa4   0x00000136   Code   RO         1016    i.adv_data_encode   ble_advdata.o
    0x00018bda   0x00000014   Code   RO         1017    i.advdata_check     ble_advdata.o
    0x00018bee   0x00000002   PAD
    0x00018bf0   0x0000006c   Code   RO         2553    i.advertising_init  main.o
    0x00018c5c   0x00000024   Code   RO           93    i.alert_timer_handler  bsp.o
    0x00018c80   0x0000002c   Code   RO         1956    i.app_button_enable  app_button.o
    0x00018cac   0x000000a4   Code   RO         1957    i.app_button_init   app_button.o
    0x00018d50   0x00000038   Code   RO         2018    i.app_error_handler  app_error.o
    0x00018d88   0x0000001c   Code   RO          635    i.app_evt_notify    device_manager_peripheral.o
    0x00018da4   0x0000002a   Code   RO         2040    i.app_fifo_get      app_fifo.o
    0x00018dce   0x0000002a   Code   RO         2042    i.app_fifo_put      app_fifo.o
    0x00018df8   0x00000030   Code   RO         1629    i.app_notify        pstorage.o
    0x00018e28   0x00000024   Code   RO         1630    i.app_notify_error_state_transit  pstorage.o
    0x00018e4c   0x00000074   Code   RO         2076    i.app_sched_event_get  app_scheduler.o
    0x00018ec0   0x00000114   Code   RO         2077    i.app_sched_event_put  app_scheduler.o
    0x00018fd4   0x0000001e   Code   RO         2078    i.app_sched_execute  app_scheduler.o
    0x00018ff2   0x00000002   PAD
    0x00018ff4   0x0000005c   Code   RO         2079    i.app_sched_init    app_scheduler.o
    0x00019050   0x00000074   Code   RO         2143    i.app_timer_create  app_timer.o
    0x000190c4   0x00000032   Code   RO         2352    i.app_timer_evt_get  app_timer_appsh.o
    0x000190f6   0x00000002   PAD
    0x000190f8   0x0000001c   Code   RO         2353    i.app_timer_evt_schedule  app_timer_appsh.o
    0x00019114   0x000000f0   Code   RO         2144    i.app_timer_init    app_timer.o
    0x00019204   0x0000006c   Code   RO         2145    i.app_timer_start   app_timer.o
    0x00019270   0x00000044   Code   RO         2146    i.app_timer_stop    app_timer.o
    0x000192b4   0x0000004a   Code   RO         1018    i.appearance_encode  ble_advdata.o
    0x000192fe   0x0000007a   Code   RO         1019    i.ble_advdata_set   ble_advdata.o
    0x00019378   0x00000014   Code   RO         2555    i.ble_advertising_error_handler  main.o
    0x0001938c   0x00000174   Code   RO          932    i.ble_advertising_init  ble_advertising.o
    0x00019500   0x00000104   Code   RO          933    i.ble_advertising_on_ble_evt  ble_advertising.o
    0x00019604   0x00000054   Code   RO          934    i.ble_advertising_on_sys_evt  ble_advertising.o
    0x00019658   0x0000003c   Code   RO          935    i.ble_advertising_peer_addr_reply  ble_advertising.o
    0x00019694   0x00000010   Code   RO          936    i.ble_advertising_peer_address_clear  ble_advertising.o
    0x000196a4   0x00000060   Code   RO          937    i.ble_advertising_restart_without_whitelist  ble_advertising.o
    0x00019704   0x000002bc   Code   RO          938    i.ble_advertising_start  ble_advertising.o
    0x000199c0   0x00000068   Code   RO          939    i.ble_advertising_whitelist_reply  ble_advertising.o
    0x00019a28   0x00000078   Code   RO         1097    i.ble_conn_params_init  ble_conn_params.o
    0x00019aa0   0x0000003e   Code   RO         1098    i.ble_conn_params_on_ble_evt  ble_conn_params.o
    0x00019ade   0x00000002   PAD
    0x00019ae0   0x000001b4   Code   RO          336    i.ble_dis_init      ble_dis.o
    0x00019c94   0x0000002c   Code   RO         2556    i.ble_evt_dispatch  main.o
    0x00019cc0   0x00000060   Code   RO          427    i.ble_hids_boot_kb_inp_rep_send  ble_hids.o
    0x00019d20   0x0000016c   Code   RO          429    i.ble_hids_init     ble_hids.o
    0x00019e8c   0x00000078   Code   RO          430    i.ble_hids_inp_rep_send  ble_hids.o
    0x00019f04   0x00000048   Code   RO          431    i.ble_hids_on_ble_evt  ble_hids.o
    0x00019f4c   0x00000030   Code   RO          432    i.ble_hids_outp_rep_get  ble_hids.o
    0x00019f7c   0x00000012   Code   RO          601    i.ble_srv_ascii_to_utf8  ble_srv_common.o
    0x00019f8e   0x0000003e   Code   RO          602    i.ble_srv_report_ref_encode  ble_srv_common.o
    0x00019fcc   0x000000a8   Code   RO         2557    i.ble_stack_init    main.o
    0x0001a074   0x00000050   Code   RO          636    i.bond_data_load    device_manager_peripheral.o
    0x0001a0c4   0x00000108   Code   RO          433    i.boot_inp_rep_char_add  ble_hids.o
    0x0001a1cc   0x000000c8   Code   RO          434    i.boot_kb_outp_rep_char_add  ble_hids.o
    0x0001a294   0x0000002c   Code   RO          260    i.bsp_btn_ble_init  bsp_btn_ble.o
    0x0001a2c0   0x0000001e   Code   RO          262    i.bsp_btn_ble_sleep_mode_prepare  bsp_btn_ble.o
    0x0001a2de   0x00000002   PAD
    0x0001a2e0   0x000000d8   Code   RO           94    i.bsp_button_event_handler  bsp.o
    0x0001a3b8   0x00000038   Code   RO           95    i.bsp_button_is_pressed  bsp.o
    0x0001a3f0   0x000000c0   Code   RO         2558    i.bsp_event_handler  main.o
    0x0001a4b0   0x0000005c   Code   RO           99    i.bsp_event_to_button_action_assign  bsp.o
    0x0001a50c   0x000000e0   Code   RO          102    i.bsp_init          bsp.o
    0x0001a5ec   0x000004ec   Code   RO          103    i.bsp_led_indication  bsp.o
    0x0001aad8   0x0000005c   Code   RO          104    i.bsp_wakeup_buttons_set  bsp.o
    0x0001ab34   0x000000ac   Code   RO         2559    i.buffer_dequeue    main.o
    0x0001abe0   0x00000060   Code   RO         2560    i.buffer_enqueue    main.o
    0x0001ac40   0x00000030   Code   RO         2561    i.buffer_init       main.o
    0x0001ac70   0x0000000e   Code   RO          105    i.button_timer_handler  bsp.o
    0x0001ac7e   0x00000002   PAD
    0x0001ac80   0x00000064   Code   RO         2562    i.buttons_leds_init  main.o
    0x0001ace4   0x00000020   Code   RO         1214    i.channel_free      nrf_drv_gpiote.o
    0x0001ad04   0x00000010   Code   RO         1215    i.channel_handler_get  nrf_drv_gpiote.o
    0x0001ad14   0x00000078   Code   RO         1216    i.channel_port_alloc  nrf_drv_gpiote.o
    0x0001ad8c   0x0000000c   Code   RO         1217    i.channel_port_get  nrf_drv_gpiote.o
    0x0001ad98   0x000000f0   Code   RO          337    i.char_add          ble_dis.o
    0x0001ae88   0x00000114   Code   RO         1631    i.clear_operation_execute  pstorage.o
    0x0001af9c   0x00000028   Code   RO         1632    i.clear_post_processing_run  pstorage.o
    0x0001afc4   0x00000048   Code   RO         1633    i.cmd_process       pstorage.o
    0x0001b00c   0x00000014   Code   RO         1634    i.cmd_queue_dequeue  pstorage.o
    0x0001b020   0x0000003c   Code   RO         1635    i.cmd_queue_element_init  pstorage.o
    0x0001b05c   0x00000084   Code   RO         1636    i.cmd_queue_enqueue  pstorage.o
    0x0001b0e0   0x00000020   Code   RO         1637    i.cmd_queue_init    pstorage.o
    0x0001b100   0x00000028   Code   RO         1638    i.command_end_procedure_run  pstorage.o
    0x0001b128   0x0000002c   Code   RO         1639    i.command_queue_element_consume  pstorage.o
    0x0001b154   0x00000090   Code   RO         2148    i.compare_reg_update  app_timer.o
    0x0001b1e4   0x0000005c   Code   RO         1020    i.conn_int_check    ble_advdata.o
    0x0001b240   0x0000005c   Code   RO         1021    i.conn_int_encode   ble_advdata.o
    0x0001b29c   0x00000014   Code   RO         2563    i.conn_params_error_handler  main.o
    0x0001b2b0   0x00000058   Code   RO         2564    i.conn_params_init  main.o
    0x0001b308   0x00000094   Code   RO         1100    i.conn_params_negotiation  ble_conn_params.o
    0x0001b39c   0x00000048   Code   RO          637    i.connection_instance_find  device_manager_peripheral.o
    0x0001b3e4   0x00000038   Code   RO          638    i.connection_instance_init  device_manager_peripheral.o
    0x0001b41c   0x0000005c   Code   RO         2080    i.current_int_priority_get  app_scheduler.o
    0x0001b478   0x0000005c   Code   RO         2149    i.current_int_priority_get  app_timer.o
    0x0001b4d4   0x00000084   Code   RO         1640    i.data_page_erase_state_run  pstorage.o
    0x0001b558   0x00000038   Code   RO         1641    i.data_to_swap_write_state_run  pstorage.o
    0x0001b590   0x0000008c   Code   RO         1959    i.detection_delay_timeout_handler  app_button.o
    0x0001b61c   0x000000d0   Code   RO          639    i.device_context_store  device_manager_peripheral.o
    0x0001b6ec   0x0000007c   Code   RO          640    i.device_instance_allocate  device_manager_peripheral.o
    0x0001b768   0x00000058   Code   RO          641    i.device_instance_find  device_manager_peripheral.o
    0x0001b7c0   0x00000030   Code   RO          642    i.device_instance_free  device_manager_peripheral.o
    0x0001b7f0   0x00000044   Code   RO         2565    i.device_manager_evt_handler  main.o
    0x0001b834   0x000000e4   Code   RO         2566    i.device_manager_init  main.o
    0x0001b918   0x00000098   Code   RO         2567    i.dis_init          main.o
    0x0001b9b0   0x00000638   Code   RO          647    i.dm_ble_evt_handler  device_manager_peripheral.o
    0x0001bfe8   0x0000001c   Code   RO          653    i.dm_handle_initialize  device_manager_peripheral.o
    0x0001c004   0x00000108   Code   RO          654    i.dm_init           device_manager_peripheral.o
    0x0001c10c   0x000000c4   Code   RO          655    i.dm_peer_addr_get  device_manager_peripheral.o
    0x0001c1d0   0x000001fc   Code   RO          657    i.dm_pstorage_cb_handler  device_manager_peripheral.o
    0x0001c3cc   0x000000bc   Code   RO          658    i.dm_register       device_manager_peripheral.o
    0x0001c488   0x000000f4   Code   RO          663    i.dm_service_context_set  device_manager_peripheral.o
    0x0001c57c   0x0000011c   Code   RO          664    i.dm_whitelist_create  device_manager_peripheral.o
    0x0001c698   0x00000064   Code   RO         2150    i.elapsed_ticks_acquire  app_timer.o
    0x0001c6fc   0x0000004e   Code   RO          435    i.encode_hid_information  ble_hids.o
    0x0001c74a   0x00000002   PAD
    0x0001c74c   0x00000044   Code   RO         1642    i.erase_sub_state_sm_run  pstorage.o
    0x0001c790   0x0000006c   Code   RO         2151    i.expired_timers_handler  app_timer.o
    0x0001c7fc   0x0000007c   Code   RO          436    i.feature_rep_characteristics_add  ble_hids.o
    0x0001c878   0x0000000a   Code   RO         1487    i.fifo_length       app_uart_fifo.o
    0x0001c882   0x0000000a   Code   RO         2043    i.fifo_length       app_fifo.o
    0x0001c88c   0x00000030   Code   RO         1643    i.flash_api_err_code_process  pstorage.o
    0x0001c8bc   0x00000040   Code   RO         1644    i.flash_operation_failure_run  pstorage.o
    0x0001c8fc   0x00000030   Code   RO         1645    i.flash_operation_success_run  pstorage.o
    0x0001c92c   0x00000010   Code   RO         1646    i.flash_page_erase  pstorage.o
    0x0001c93c   0x00000018   Code   RO         1647    i.flash_write       pstorage.o
    0x0001c954   0x000000a4   Code   RO         2568    i.gap_params_init   main.o
    0x0001c9f8   0x00000006   Code   RO          665    i.gattc_context_apply  device_manager_peripheral.o
    0x0001c9fe   0x00000006   Code   RO          666    i.gattc_context_load  device_manager_peripheral.o
    0x0001ca04   0x00000006   Code   RO          667    i.gattc_context_store  device_manager_peripheral.o
    0x0001ca0a   0x00000002   PAD
    0x0001ca0c   0x000000f4   Code   RO          668    i.gatts_context_apply  device_manager_peripheral.o
    0x0001cb00   0x00000048   Code   RO          669    i.gatts_context_load  device_manager_peripheral.o
    0x0001cb48   0x000000d8   Code   RO          670    i.gatts_context_store  device_manager_peripheral.o
    0x0001cc20   0x0000001a   Code   RO          671    i.gattsc_context_apply  device_manager_peripheral.o
    0x0001cc3a   0x0000001e   Code   RO          672    i.gattsc_context_load  device_manager_peripheral.o
    0x0001cc58   0x0000001e   Code   RO          673    i.gattsc_context_store  device_manager_peripheral.o
    0x0001cc76   0x00000002   PAD
    0x0001cc78   0x00000080   Code   RO         1960    i.gpiote_event_handler  app_button.o
    0x0001ccf8   0x00000070   Code   RO         1648    i.head_restore_state_run  pstorage.o
    0x0001cd68   0x000000b0   Code   RO          437    i.hid_control_point_char_add  ble_hids.o
    0x0001ce18   0x000000bc   Code   RO          438    i.hid_information_char_add  ble_hids.o
    0x0001ced4   0x00000314   Code   RO         2569    i.hids_init         main.o
    0x0001d1e8   0x00000030   Code   RO          439    i.includes_add      ble_hids.o
    0x0001d218   0x0000004c   Code   RO          440    i.inp_rep_cccd_identify  ble_hids.o
    0x0001d264   0x0000009c   Code   RO          441    i.inp_rep_characteristics_add  ble_hids.o
    0x0001d300   0x000000bc   Code   RO         2451    i.intern_softdevice_events_execute  softdevice_handler.o
    0x0001d3bc   0x00000024   Code   RO         1101    i.is_conn_params_ok  ble_conn_params.o
    0x0001d3e0   0x00000038   Code   RO           14    i.is_disabled_in_debug_needed  system_nrf51.o
    0x0001d418   0x0000006c   Code   RO           15    i.is_manual_peripheral_setup_needed  system_nrf51.o
    0x0001d484   0x00000058   Code   RO         1649    i.is_page_erase_required  pstorage.o
    0x0001d4dc   0x00000054   Code   RO           16    i.is_peripheral_domain_setup_needed  system_nrf51.o
    0x0001d530   0x0000002a   Code   RO         2570    i.is_shift_key_pressed  main.o
    0x0001d55a   0x00000002   PAD
    0x0001d55c   0x00000050   Code   RO         1650    i.is_tail_data_page_swap_required  pstorage.o
    0x0001d5ac   0x00000012   Code   RO         1651    i.is_word_aligned   pstorage.o
    0x0001d5be   0x00000002   PAD
    0x0001d5c0   0x00000064   Code   RO         2571    i.keys_send         main.o
    0x0001d624   0x00000024   Code   RO          106    i.leds_timer_handler  bsp.o
    0x0001d648   0x000000c0   Code   RO         2152    i.list_deletions_handler  app_timer.o
    0x0001d708   0x00000130   Code   RO         2153    i.list_insertions_handler  app_timer.o
    0x0001d838   0x0000005c   Code   RO         2572    i.main              main.o
    0x0001d894   0x00000020   Code   RO         1652    i.main_state_err_busy_process  pstorage.o
    0x0001d8b4   0x00000014   Code   RO          442    i.make_char_id      ble_hids.o
    0x0001d8c8   0x0000006a   Code   RO         1022    i.manuf_specific_data_encode  ble_advdata.o
    0x0001d932   0x00000096   Code   RO         1023    i.name_encode       ble_advdata.o
    0x0001d9c8   0x00000018   Code   RO         2081    i.next_index        app_scheduler.o
    0x0001d9e0   0x00000006   Code   RO          674    i.no_service_context_apply  device_manager_peripheral.o
    0x0001d9e6   0x00000006   Code   RO          675    i.no_service_context_load  device_manager_peripheral.o
    0x0001d9ec   0x00000006   Code   RO          676    i.no_service_context_store  device_manager_peripheral.o
    0x0001d9f2   0x00000002   PAD
    0x0001d9f4   0x00000038   Code   RO         1180    i.nrf_drv_common_irq_enable  nrf_drv_common.o
    0x0001da2c   0x000000c8   Code   RO         1220    i.nrf_drv_gpiote_in_event_enable  nrf_drv_gpiote.o
    0x0001daf4   0x000000f4   Code   RO         1221    i.nrf_drv_gpiote_in_init  nrf_drv_gpiote.o
    0x0001dbe8   0x00000020   Code   RO         1222    i.nrf_drv_gpiote_in_is_set  nrf_drv_gpiote.o
    0x0001dc08   0x00000050   Code   RO         1224    i.nrf_drv_gpiote_init  nrf_drv_gpiote.o
    0x0001dc58   0x00000014   Code   RO         1225    i.nrf_drv_gpiote_is_init  nrf_drv_gpiote.o
    0x0001dc6c   0x00000046   Code   RO         1238    i.nrf_gpio_cfg_sense_set  nrf_drv_gpiote.o
    0x0001dcb2   0x00000002   PAD
    0x0001dcb4   0x0000000c   Code   RO         1241    i.nrf_gpiote_event_addr_get  nrf_drv_gpiote.o
    0x0001dcc0   0x00000010   Code   RO         1242    i.nrf_gpiote_event_clear  nrf_drv_gpiote.o
    0x0001dcd0   0x00000016   Code   RO         1243    i.nrf_gpiote_event_is_set  nrf_drv_gpiote.o
    0x0001dce6   0x00000002   PAD
    0x0001dce8   0x0000000c   Code   RO         1244    i.nrf_gpiote_int_enable  nrf_drv_gpiote.o
    0x0001dcf4   0x000000c4   Code   RO         2573    i.on_adv_evt        main.o
    0x0001ddb8   0x000000fc   Code   RO         2574    i.on_ble_evt        main.o
    0x0001deb4   0x00000018   Code   RO         1102    i.on_conn_params_update  ble_conn_params.o
    0x0001decc   0x0000004a   Code   RO          443    i.on_connect        ble_hids.o
    0x0001df16   0x00000002   PAD
    0x0001df18   0x0000003c   Code   RO         1103    i.on_connect        ble_conn_params.o
    0x0001df54   0x00000044   Code   RO          444    i.on_control_point_write  ble_hids.o
    0x0001df98   0x00000028   Code   RO         1489    i.on_cts_high       app_uart_fifo.o
    0x0001dfc0   0x00000054   Code   RO         1490    i.on_cts_low        app_uart_fifo.o
    0x0001e014   0x0000000c   Code   RO          445    i.on_disconnect     ble_hids.o
    0x0001e020   0x00000044   Code   RO         1104    i.on_disconnect     ble_conn_params.o
    0x0001e064   0x00000094   Code   RO         2575    i.on_hid_rep_char_write  main.o
    0x0001e0f8   0x000000c0   Code   RO         2576    i.on_hids_evt       main.o
    0x0001e1b8   0x00000044   Code   RO          446    i.on_protocol_mode_write  ble_hids.o
    0x0001e1fc   0x00000052   Code   RO          447    i.on_report_cccd_write  ble_hids.o
    0x0001e24e   0x0000002e   Code   RO          448    i.on_report_value_read_auth  ble_hids.o
    0x0001e27c   0x0000003c   Code   RO          449    i.on_report_value_write  ble_hids.o
    0x0001e2b8   0x0000002c   Code   RO          450    i.on_rw_authorize_request  ble_hids.o
    0x0001e2e4   0x0000002c   Code   RO         1491    i.on_tx_ready       app_uart_fifo.o
    0x0001e310   0x00000008   Code   RO         1492    i.on_uart_close     app_uart_fifo.o
    0x0001e318   0x00000036   Code   RO         1493    i.on_uart_event     app_uart_fifo.o
    0x0001e34e   0x00000002   PAD
    0x0001e350   0x00000014   Code   RO         1494    i.on_uart_put       app_uart_fifo.o
    0x0001e364   0x000000fc   Code   RO          451    i.on_write          ble_hids.o
    0x0001e460   0x0000005c   Code   RO         1105    i.on_write          ble_conn_params.o
    0x0001e4bc   0x00000088   Code   RO          452    i.outp_rep_characteristics_add  ble_hids.o
    0x0001e544   0x0000001a   Code   RO          940    i.peer_address_exists  ble_advertising.o
    0x0001e55e   0x00000002   PAD
    0x0001e560   0x00000050   Code   RO          677    i.peer_instance_init  device_manager_peripheral.o
    0x0001e5b0   0x0000001c   Code   RO         1245    i.pin_in_use_by_gpiote  nrf_drv_gpiote.o
    0x0001e5cc   0x00000018   Code   RO         1246    i.pin_in_use_by_port  nrf_drv_gpiote.o
    0x0001e5e4   0x00000020   Code   RO         1247    i.pin_in_use_by_te  nrf_drv_gpiote.o
    0x0001e604   0x00000010   Code   RO         1248    i.pin_in_use_clear  nrf_drv_gpiote.o
    0x0001e614   0x0000009e   Code   RO          338    i.pnp_id_encode     ble_dis.o
    0x0001e6b2   0x00000020   Code   RO         2577    i.power_manage      main.o
    0x0001e6d2   0x00000002   PAD
    0x0001e6d4   0x000000b8   Code   RO          453    i.protocol_mode_char_add  ble_hids.o
    0x0001e78c   0x00000030   Code   RO         1653    i.pstorage_access_status_get  pstorage.o
    0x0001e7bc   0x000000a4   Code   RO         1654    i.pstorage_block_identifier_get  pstorage.o
    0x0001e860   0x00000118   Code   RO         1655    i.pstorage_clear    pstorage.o
    0x0001e978   0x00000028   Code   RO         1656    i.pstorage_flash_page_end  pstorage.o
    0x0001e9a0   0x0000000a   Code   RO         1657    i.pstorage_flash_page_size  pstorage.o
    0x0001e9aa   0x00000002   PAD
    0x0001e9ac   0x00000088   Code   RO         1658    i.pstorage_init     pstorage.o
    0x0001ea34   0x000000fc   Code   RO         1659    i.pstorage_load     pstorage.o
    0x0001eb30   0x00000118   Code   RO         1660    i.pstorage_register  pstorage.o
    0x0001ec48   0x000000e0   Code   RO         1661    i.pstorage_store    pstorage.o
    0x0001ed28   0x0000004c   Code   RO         1662    i.pstorage_sys_event_handler  pstorage.o
    0x0001ed74   0x000000e0   Code   RO         1663    i.pstorage_update   pstorage.o
    0x0001ee54   0x0000018c   Code   RO          454    i.rep_char_add      ble_hids.o
    0x0001efe0   0x000001b0   Code   RO          455    i.rep_map_char_add  ble_hids.o
    0x0001f190   0x000000bc   Code   RO          456    i.rep_value_identify  ble_hids.o
    0x0001f24c   0x0000000c   Code   RO         2154    i.rtc1_counter_get  app_timer.o
    0x0001f258   0x00000018   Code   RO         2155    i.rtc1_init         app_timer.o
    0x0001f270   0x0000003c   Code   RO         2156    i.rtc1_start        app_timer.o
    0x0001f2ac   0x00000058   Code   RO         2157    i.rtc1_stop         app_timer.o
    0x0001f304   0x00000030   Code   RO         2578    i.scheduler_init    main.o
    0x0001f334   0x0000007c   Code   RO         2579    i.send_key_scan_press_release  main.o
    0x0001f3b0   0x0000008c   Code   RO         1024    i.service_data_encode  ble_advdata.o
    0x0001f43c   0x00000014   Code   RO         2580    i.service_error_handler  main.o
    0x0001f450   0x0000000c   Code   RO         2581    i.services_init     main.o
    0x0001f45c   0x0000003e   Code   RO         2582    i.sleep_mode_enter  main.o
    0x0001f49a   0x00000002   PAD
    0x0001f49c   0x00000014   Code   RO         1664    i.sm_state_change   pstorage.o
    0x0001f4b0   0x00000012   Code   RO         2452    i.softdevice_assertion_handler  softdevice_handler.o
    0x0001f4c2   0x00000002   PAD
    0x0001f4c4   0x00000018   Code   RO         2453    i.softdevice_ble_evt_handler_set  softdevice_handler.o
    0x0001f4dc   0x0000002e   Code   RO         2523    i.softdevice_evt_get  softdevice_handler_appsh.o
    0x0001f50a   0x00000002   PAD
    0x0001f50c   0x00000014   Code   RO         2524    i.softdevice_evt_schedule  softdevice_handler_appsh.o
    0x0001f520   0x00000068   Code   RO         2454    i.softdevice_handler_init  softdevice_handler.o
    0x0001f588   0x00000018   Code   RO         2456    i.softdevice_sys_evt_handler_set  softdevice_handler.o
    0x0001f5a0   0x00000010   Code   RO         1025    i.srdata_check      ble_advdata.o
    0x0001f5b0   0x00000054   Code   RO          264    i.startup_event_extract  bsp_btn_ble.o
    0x0001f604   0x00000010   Code   RO         1665    i.state_data_erase_entry_run  pstorage.o
    0x0001f614   0x00000098   Code   RO         1666    i.state_data_erase_swap_entry_run  pstorage.o
    0x0001f6ac   0x0000003c   Code   RO         1667    i.state_entry_action_run  pstorage.o
    0x0001f6e8   0x00000010   Code   RO         1668    i.state_erase_data_page_entry_run  pstorage.o
    0x0001f6f8   0x0000001c   Code   RO         1669    i.state_idle_entry_run  pstorage.o
    0x0001f714   0x00000034   Code   RO         1670    i.state_restore_head_entry_run  pstorage.o
    0x0001f748   0x00000054   Code   RO         1671    i.state_restore_tail_entry_run  pstorage.o
    0x0001f79c   0x00000008   Code   RO         1672    i.state_store_entry_run  pstorage.o
    0x0001f7a4   0x00000026   Code   RO         1673    i.state_swap_erase_entry_run  pstorage.o
    0x0001f7ca   0x00000002   PAD
    0x0001f7cc   0x00000034   Code   RO         1674    i.state_write_data_swap_entry_run  pstorage.o
    0x0001f800   0x00000008   Code   RO          678    i.storage_operation_dummy_handler  device_manager_peripheral.o
    0x0001f808   0x00000064   Code   RO         1675    i.store_cmd_flash_write_execute  pstorage.o
    0x0001f86c   0x0000000a   Code   RO         1676    i.store_operation_execute  pstorage.o
    0x0001f876   0x00000002   PAD
    0x0001f878   0x0000004c   Code   RO         1677    i.store_sub_state_sm_run  pstorage.o
    0x0001f8c4   0x00000020   Code   RO         1678    i.swap_erase_state_run  pstorage.o
    0x0001f8e4   0x00000008   Code   RO         1679    i.swap_sub_sm_exit_action_run  pstorage.o
    0x0001f8ec   0x00000018   Code   RO         1680    i.swap_sub_state_entry_action_run  pstorage.o
    0x0001f904   0x00000020   Code   RO         1681    i.swap_sub_state_err_busy_process  pstorage.o
    0x0001f924   0x00000018   Code   RO         1682    i.swap_sub_state_sm_run  pstorage.o
    0x0001f93c   0x00000014   Code   RO         1683    i.swap_sub_state_state_change  pstorage.o
    0x0001f950   0x00000012   Code   RO         2583    i.sys_evt_dispatch  main.o
    0x0001f962   0x000000a4   Code   RO          339    i.sys_id_encode     ble_dis.o
    0x0001fa06   0x00000002   PAD
    0x0001fa08   0x00000020   Code   RO         1684    i.tail_restore_state_run  pstorage.o
    0x0001fa28   0x00000058   Code   RO         1685    i.tail_word_size_calculate  pstorage.o
    0x0001fa80   0x0000000a   Code   RO         2158    i.ticks_diff_get    app_timer.o
    0x0001fa8a   0x00000002   PAD
    0x0001fa8c   0x00000040   Code   RO         2159    i.timeout_handler_exec  app_timer.o
    0x0001facc   0x00000058   Code   RO         2160    i.timer_list_handler  app_timer.o
    0x0001fb24   0x0000000a   Code   RO         2161    i.timer_list_handler_sched  app_timer.o
    0x0001fb2e   0x00000002   PAD
    0x0001fb30   0x000000dc   Code   RO         2162    i.timer_list_insert  app_timer.o
    0x0001fc0c   0x000000cc   Code   RO         2163    i.timer_list_remove  app_timer.o
    0x0001fcd8   0x00000054   Code   RO         2164    i.timer_start_op_schedule  app_timer.o
    0x0001fd2c   0x00000040   Code   RO         2166    i.timer_stop_op_schedule  app_timer.o
    0x0001fd6c   0x0000009c   Code   RO         2167    i.timer_timeouts_check  app_timer.o
    0x0001fe08   0x0000000a   Code   RO         2168    i.timer_timeouts_check_sched  app_timer.o
    0x0001fe12   0x00000002   PAD
    0x0001fe14   0x0000003c   Code   RO         2584    i.timers_init       main.o
    0x0001fe50   0x00000030   Code   RO         1026    i.tx_power_level_encode  ble_advdata.o
    0x0001fe80   0x00000012   Code   RO          340    i.uint16_encode     ble_dis.o
    0x0001fe92   0x00000012   Code   RO         1027    i.uint16_encode     ble_advdata.o
    0x0001fea4   0x00000008   Code   RO         1686    i.update_operation_execute  pstorage.o
    0x0001feac   0x00000014   Code   RO          679    i.update_status_bit_reset  device_manager_peripheral.o
    0x0001fec0   0x0000009c   Code   RO         1106    i.update_timeout_handler  ble_conn_params.o
    0x0001ff5c   0x00000022   Code   RO         2169    i.user_id_get       app_timer.o
    0x0001ff7e   0x0000002c   Code   RO         2170    i.user_op_alloc     app_timer.o
    0x0001ffaa   0x00000004   Code   RO         2171    i.user_op_enque     app_timer.o
    0x0001ffae   0x00000040   Code   RO         1028    i.uuid_list_encode  ble_advdata.o
    0x0001ffee   0x000000c4   Code   RO         1029    i.uuid_list_sized_encode  ble_advdata.o
    0x000200b2   0x00000016   Code   RO          941    i.whitelist_has_entries  ble_advertising.o
    0x000200c8   0x0000000c   Data   RO          107    .constdata          bsp.o
    0x000200d4   0x00000034   Data   RO          681    .constdata          device_manager_peripheral.o
    0x00020108   0x00000028   Data   RO         1688    .constdata          pstorage.o
    0x00020130   0x00000004   Data   RO         1961    .constdata          app_button.o
    0x00020134   0x00000024   Data   RO         2586    .constdata          main.o
    0x00020158   0x00000020   Data   RO         3044    Region$$Table       anon$$obj.o


    Execution Region RW_IRAM1 (Base: 0x20002000, Size: 0x00001b68, Max: 0x00006000, ABSOLUTE, COMPRESSED[0x00000098])

    Base Addr    Size         Type   Attr      Idx    E Section Name        Object

    0x20002000   0x00000004   Data   RW           17    .data               system_nrf51.o
    0x20002004   0x00000022   Data   RW          108    .data               bsp.o
    0x20002026   0x00000002   PAD
    0x20002028   0x00000008   Data   RW          265    .data               bsp_btn_ble.o
    0x20002030   0x0000004a   Data   RW          341    .data               ble_dis.o
    0x2000207a   0x00000002   PAD
    0x2000207c   0x00000014   Data   RW          682    .data               device_manager_peripheral.o
    0x20002090   0x00000020   Data   RW          943    .data               ble_advertising.o
    0x200020b0   0x00000019   Data   RW         1108    .data               ble_conn_params.o
    0x200020c9   0x00000003   PAD
    0x200020cc   0x00000009   Data   RW         1499    .data               app_uart_fifo.o
    0x200020d5   0x00000003   PAD
    0x200020d8   0x00000028   Data   RW         1689    .data               pstorage.o
    0x20002100   0x00000018   Data   RW         1962    .data               app_button.o
    0x20002118   0x0000000e   Data   RW         2082    .data               app_scheduler.o
    0x20002126   0x00000002   PAD
    0x20002128   0x0000002a   Data   RW         2172    .data               app_timer.o
    0x20002152   0x00000002   PAD
    0x20002154   0x00000018   Data   RW         2457    .data               softdevice_handler.o
    0x2000216c   0x0000009a   Data   RW         2587    .data               main.o
    0x20002206   0x00000002   PAD
    0x20002208   0x00000127   Zero   RW          680    .bss                device_manager_peripheral.o
    0x2000232f   0x00000001   PAD
    0x20002330   0x000000fb   Zero   RW          942    .bss                ble_advertising.o
    0x2000242b   0x00000001   PAD
    0x2000242c   0x0000001c   Zero   RW         1107    .bss                ble_conn_params.o
    0x20002448   0x00000038   Zero   RW         1249    .bss                nrf_drv_gpiote.o
    0x20002480   0x00000020   Zero   RW         1497    .bss                app_uart_fifo.o
    0x200024a0   0x000000d8   Zero   RW         1687    .bss                pstorage.o
    0x20002578   0x00000590   Zero   RW         2585    .bss                main.o
    0x20002b08   0x00000060   Zero   RW         2918    .bss                c_p.l(libspace.o)
    0x20002b68   0x00000800   Zero   RW            2    HEAP                arm_startup_nrf51.o
    0x20003368   0x00000800   Zero   RW            1    STACK               arm_startup_nrf51.o


==============================================================================

Image component sizes


      Code (inc. data)   RO Data    RW Data    ZI Data      Debug   Object Name

       476         78          4         24          0       9050   app_button.o
        56          8          0          0          0       7416   app_error.o
        94          0          0          0          0       2182   app_fifo.o
       630         82          0         14          0      14747   app_scheduler.o
      2906        320          0         42          0      30211   app_timer.o
        78          6          0          0          0       2349   app_timer_appsh.o
       608        108          0          9         32      11816   app_uart_fifo.o
        84         36        192          0       4096        696   arm_startup_nrf51.o
      1448          4          0          0          0      12118   ble_advdata.o
      1740        188          0         32        251      12181   ble_advertising.o
       766        126          0         25         28      10488   ble_conn_params.o
      1016         54          0         74          0      42087   ble_dis.o
      4072         66          0          0          0      33818   ble_hids.o
        80          0          0          0          0       3304   ble_srv_common.o
      2054        166         12         34          0      18232   bsp.o
       158          4          0          8          0      33128   bsp_btn_ble.o
      4770        364         52         20        295      34603   device_manager_peripheral.o
      3914        264         36        154       1424      49335   main.o
       176         18          0          0          0       8256   nrf_drv_common.o
      1384        118          0          0         56      20848   nrf_drv_gpiote.o
      4300        438         40         40        216      38106   pstorage.o
       414         58          0         24          0       9384   softdevice_handler.o
        66          6          0          0          0       1819   softdevice_handler_appsh.o
       348         38          0          4          0      22027   system_nrf51.o

    ----------------------------------------------------------------------
     31696       2550        368        520       6400     428201   Object Totals
         0          0         32          0          0          0   (incl. Generated)
        58          0          0         16          2          0   (incl. Padding)

    ----------------------------------------------------------------------

      Code (inc. data)   RO Data    RW Data    ZI Data      Debug   Library Member Name

        86          0          0          0          0          0   __dczerorl2.o
         8          0          0          0          0         68   __main.o
         0          0          0          0          0          0   __rtentry.o
        12          0          0          0          0          0   __rtentry2.o
         6          0          0          0          0          0   __rtentry4.o
        60          8          0          0          0          0   __scatter.o
        28          0          0          0          0          0   __scatter_zi.o
       346          0          0          0          0         92   aeabi_sdiv.o
        12          0          0          0          0         64   exit.o
         6          0          0          0          0        136   heapauxi.o
         0          0          0          0          0          0   indicate_semi.o
         2          0          0          0          0          0   libinit.o
         2          0          0          0          0          0   libinit2.o
         2          0          0          0          0          0   libshutdown.o
         2          0          0          0          0          0   libshutdown2.o
         8          4          0          0         96         68   libspace.o
        90          0          0          0          0         68   memcmp.o
        64          0          0          0          0        108   rt_memclr.o
       186          0          0          0          0        144   rt_memcpy.o
         2          0          0          0          0          0   rtexit.o
        10          0          0          0          0          0   rtexit2.o
        68          6          0          0          0         72   strlen.o
        12          4          0          0          0         60   sys_exit.o
        62          0          0          0          0         80   sys_stackheap_outer.o
         2          0          0          0          0         68   use_no_semi.o

    ----------------------------------------------------------------------
      1080         22          0          0         96       1028   Library Totals
         4          0          0          0          0          0   (incl. Padding)

    ----------------------------------------------------------------------

      Code (inc. data)   RO Data    RW Data    ZI Data      Debug   Library Name

      1076         22          0          0         96       1028   c_p.l

    ----------------------------------------------------------------------
      1080         22          0          0         96       1028   Library Totals

    ----------------------------------------------------------------------

==============================================================================


      Code (inc. data)   RO Data    RW Data    ZI Data      Debug   

     32776       2572        368        520       6496     415873   Grand Totals
     32776       2572        368        152       6496     415873   ELF Image Totals (compressed)
     32776       2572        368        152          0          0   ROM Totals

==============================================================================

    Total RO  Size (Code + RO Data)                33144 (  32.37kB)
    Total RW  Size (RW Data + ZI Data)              7016 (   6.85kB)
    Total ROM Size (Code + RO Data + RW Data)      33296 (  32.52kB)

==============================================================================

